[socialarts.club/index.html]
[backblue.gif]
[fade.gif]
[index.html]
[socialarts.club/site.css]
[stackpath.bootstrapcdn.com/bootstrap/4.3.1/css/bootstrap.min.css]
[socialarts.club/Contact.html]
[socialarts.club/References.html]
[socialarts.club/Tools/AssertivenessScorecard.html]
[socialarts.club/Tools/CostBenefitAnalysis.html]
[socialarts.club/Tools/PeopleAreDoingTheBestTheyCan.html]
[socialarts.club/Tools/PersonalGrownJournal.html]
[socialarts.club/Tools/RealityQuestions.html]
[socialarts.club/Tools/WholeMessages.html]
[socialarts.club/Identity/Account/Login.html]
[code.jquery.com/jquery-3.3.1.slim.min.js]
[cdnjs.cloudflare.com/ajax/libs/popper.js/1.14.7/umd/popper.min.js]
[stackpath.bootstrapcdn.com/bootstrap/4.3.1/js/bootstrap.min.js]
[unpkg.com/react@16/umd/react.development.e.delayed]
[unpkg.com/react@16.14.0/umd/react.development.js]
[unpkg.com/react-dom@16/umd/react-dom.development.js]
[unpkg.com/react-dom@16.14.0/umd/react-dom.development.js]
[socialarts.club/index.html]
[socialarts.club/site.css]
[stackpath.bootstrapcdn.com/bootstrap/4.3.1/css/bootstrap.min.css]
[socialarts.club/react-components/bundle.js]
[socialarts.club/images/contact-email.png]
[socialarts.club/Contact.html]
[socialarts.club/References.html]
[socialarts.club/Tools/AssertivenessScorecard.html]
[socialarts.club/References/paterson-2000.html]
[socialarts.club/Tools/CostBenefitAnalysis.html]
[socialarts.club/References/bilsker-2009.html]
[socialarts.club/Tools/PeopleAreDoingTheBestTheyCan.html]
[socialarts.club/References/mckay-2000.html]
[socialarts.club/Tools/PersonalGrownJournal.html]
[socialarts.club/Tools/RealityQuestions.html]
[socialarts.club/References/alberti-1995.html]
[socialarts.club/Tools/WholeMessages.html]
[socialarts.club/References/mckay-2009.html]
[ajax.aspnetcdn.com/ajax/jquery.validate/1.17.0/jquery.validate.min.js]
[ajax.aspnetcdn.com/ajax/jquery.validation.unobtrusive/3.2.9/jquery.validate.unobtrusive.min.js]
[socialarts.club/Identity/Account/Login.html]
[socialarts.club/References/paterson-2000.html]
[socialarts.club/References/bilsker-2009.html]
[socialarts.club/References/mckay-2000.html]
[socialarts.club/References/alberti-1995.html]
[socialarts.club/References/mckay-2009.html]
