[www.singularbiogenics.com/index.html]
[backblue.gif]
[fade.gif]
[index.html]
[www.singularbiogenics.com/Themes/Bootstrap_3_2_0_Base/styles/Bootstrap/less/bootstrap.min.css]
[www.singularbiogenics.com/Themes/Bootstrap_3_2_0_Base/Styles/Site.min.css]
[www.singularbiogenics.com/Themes/SingularBiogenics.Bootstrap/Styles/Theme.min.css]
[www.singularbiogenics.com/Themes/SingularBiogenics.Bootstrap/Content/favicon.ico]
[www.singularbiogenics.com/Themes/SingularBiogenics.Bootstrap/Content/Logo.jpg]
[www.singularbiogenics.com/page-placeholder.html]
[www.singularbiogenics.com/high-density-algae-technology.html]
[www.singularbiogenics.com/mussel-aquaculture-technology.html]
[www.singularbiogenics.com/high-density-algae.html]
[www.singularbiogenics.com/mussel-aquaculture-summary.html]
[www.singularbiogenics.com/matthew-salo.html]
[www.singularbiogenics.com/contact.html]
[www.singularbiogenics.com/Users/Account/LogOn650d.html]
[www.singularbiogenics.com/Modules/Orchard.jQuery/scripts/jquery-1.9.1.min.js]
[www.singularbiogenics.com/Themes/Bootstrap_3_2_0_Base/scripts/bootstrap.min.js]
[www.singularbiogenics.com/Themes/Bootstrap_3_2_0_Base/scripts/theme.js]
[www.singularbiogenics.com/index.html]
[www.singularbiogenics.com/Themes/Bootstrap_3_2_0_Base/styles/Bootstrap/fonts/glyphicons-halflings-regular.eot]
[www.singularbiogenics.com/Themes/Bootstrap_3_2_0_Base/styles/Bootstrap/fonts/glyphicons-halflings-regular.woff]
[www.singularbiogenics.com/Themes/Bootstrap_3_2_0_Base/styles/Bootstrap/fonts/glyphicons-halflings-regulard41d.eot]
[www.singularbiogenics.com/Themes/Bootstrap_3_2_0_Base/styles/Bootstrap/fonts/glyphicons-halflings-regular.ttf]
[www.singularbiogenics.com/Themes/Bootstrap_3_2_0_Base/styles/Bootstrap/less/bootstrap.min.css]
[www.singularbiogenics.com/Themes/Bootstrap_3_2_0_Base/Styles/Site.min.css]
[www.singularbiogenics.com/Themes/SingularBiogenics.Bootstrap/Styles/bootstrap-theme.min.css]
[www.singularbiogenics.com/Themes/SingularBiogenics.Bootstrap/Styles/Theme.min.css]
[www.singularbiogenics.com/page-placeholder.html]
[www.singularbiogenics.com/Users/Account/LogOnb83c.html]
[www.singularbiogenics.com/high-density-algae-technology.html]
[www.singularbiogenics.com/Users/Account/LogOn27c5.html]
[www.singularbiogenics.com/mussel-aquaculture-technology.html]
[www.singularbiogenics.com/Users/Account/LogOn5782.html]
[www.singularbiogenics.com/high-density-algae.html]
[www.singularbiogenics.com/Users/Account/LogOnfe0b.html]
[www.singularbiogenics.com/mussel-aquaculture-summary.html]
[www.singularbiogenics.com/Users/Account/LogOnc4e4.html]
[www.singularbiogenics.com/matthew-salo.html]
[www.singularbiogenics.com/Users/Account/LogOn6414.html]
[www.singularbiogenics.com/contact.html]
[www.singularbiogenics.com/Users/Account/LogOn650d.html]
[www.singularbiogenics.com/Modules/Orchard.jQuery/scripts/jquery-1.9.1.min.js]
[www.singularbiogenics.com/Users/Account/LogOn2bc0.html]
[www.singularbiogenics.com/Themes/Bootstrap_3_2_0_Base/scripts/bootstrap.min.js]
[www.singularbiogenics.com/Themes/Bootstrap_3_2_0_Base/scripts/theme.js]
[www.singularbiogenics.com/Themes/Bootstrap_3_2_0_Base/styles/Bootstrap/fonts/glyphicons-halflings-regular.svg]
[www.singularbiogenics.com/Themes/SingularBiogenics.Bootstrap/Styles/bootstrap-theme.min.css]
[www.singularbiogenics.com/Users/Account/LogOnb83c.html]
[www.singularbiogenics.com/Users/Account/LogOn27c5.html]
[www.singularbiogenics.com/Users/Account/LogOn5782.html]
[www.singularbiogenics.com/Users/Account/LogOnfe0b.html]
[www.singularbiogenics.com/Users/Account/LogOnc4e4.html]
[www.singularbiogenics.com/Users/Account/LogOn6414.html]
[www.singularbiogenics.com/Users/Account/LogOn2bc0.html]
[www.singularbiogenics.com/Popover requires tooltip.html]
