[backblue.gif]
[fade.gif]
[index.html]
[bigfontblog.azurewebsites.net/favicon.ico]
[bigfontblog.azurewebsites.net/public/ghost-sdk.minc03d.js]
[www.google-analytics.com/analytics.js]
[bigfontblog.azurewebsites.net/content/images/size/w1000/2016/10/business_casual_cropped_square.jpg]
[bigfontblog.azurewebsites.net/content/images/2022/08/drawing_circa_july_2022.jpg]
[bigfontblog.azurewebsites.net/content/images/2022/04/219787656_571590897338872_541651510636316.jpg]
[bigfontblog.azurewebsites.net/content/images/2021/12/geograph-4453746-by-Kenneth--Allen.jpg]
[bigfontblog.azurewebsites.net/content/images/2021/11/photograph-of-mx-shaun-luttin-2.jpg]
[bigfontblog.azurewebsites.net/content/images/2021/08/WIN_20210813_19_06_55_Pro.jpg]
[bigfontblog.azurewebsites.net/index.html]
[bigfontblog.azurewebsites.net/content/images/2021/06/frc-perspective-sky.jpg]
[bigfontblog.azurewebsites.net/content/images/2021/05/Screenshot-2021-05-18-102408-1.png]
[bigfontblog.azurewebsites.net/assets/built/screenc03d.css]
[code.jquery.com/jquery-3.2.1.min.js]
[bigfontblog.azurewebsites.net/assets/built/jquery.fitvidsc03d.js]
[bigfontblog.azurewebsites.net/assets/built/infinitescrollc03d.js]
[bigfontblog.azurewebsites.net/content/images/2016/10/business_casual_cropped_square.jpg]
[bigfontblog.azurewebsites.net/about/index.html]
[bigfontblog.azurewebsites.net/content/images/2020/11/garden-P1014289-small.jpg]
[bigfontblog.azurewebsites.net/work-bibliography/index.html]
[bigfontblog.azurewebsites.net/content/images/2021/02/2020_12_21_snow-at-cafe-small.jpg]
[bigfontblog.azurewebsites.net/i-have-started-formatting-code-locally-with-csharpier-for-my-own-read-mode-during-local-development/index.html]
[bigfontblog.azurewebsites.net/author/shaun/index.html]
[bigfontblog.azurewebsites.net/avoid-leaving-powershell-side-effects-on-the-pipeline/index.html]
[bigfontblog.azurewebsites.net/reducing-the-chance-of-tcp-port-exhaustion-on-a-windows-server/index.html]
[bigfontblog.azurewebsites.net/copy-large-files-over-a-windows-remote-desktop-connection/index.html]
[bigfontblog.azurewebsites.net/what-kinds-of-mental-health-psychology-and-counselling-practitioners-exists-in-canada/index.html]
[bigfontblog.azurewebsites.net/championing-psychological-health-and-safety-as-an-individual-contributor-at-the-workplace/index.html]
[bigfontblog.azurewebsites.net/list-tcp-connections-for-process/index.html]
[bigfontblog.azurewebsites.net/attach-vs-code-to-dotnet-test/index.html]
[bigfontblog.azurewebsites.net/the-spiral-software-development-lifecycle-or-how-to-spiral-into-control/index.html]
[bigfontblog.azurewebsites.net/task-on-a-dark-night-find-a-ball-that-fell-into-a-pothole-in-a-road-that-has-several-potholes/index.html]
[bigfontblog.azurewebsites.net/he-they-from-my-perspective-as-a-middle-aged-privileged-white-male-in-western-canada/index.html]
[bigfontblog.azurewebsites.net/enable-long-paths-in-windows-with-powershell/index.html]
[bigfontblog.azurewebsites.net/determine-whether-two-c-builds-result-in-binaries-that-a-functionally-identical-within-reasonable-limits/index.html]
[bigfontblog.azurewebsites.net/how-i-do-salary-negotiation-as-an-employee/index.html]
[bigfontblog.azurewebsites.net/how-to-release-a-locked-port-in-windows-from-powershell/index.html]
[bigfontblog.azurewebsites.net/run-a-specific-vs-code-launch-configuration-from-the-command-palette/index.html]
[bigfontblog.azurewebsites.net/for-me-a-quality-code-base-is-not-about-the-craft-its-about-long-term-feature-delivery-velocity/index.html]
[bigfontblog.azurewebsites.net/handling-the-perpetual-problem-re-time-spent-im/index.html]
[platform.twitter.com/widgets.js]
[bigfontblog.azurewebsites.net/online-pilates-resources/index.html]
[bigfontblog.azurewebsites.net/what-connection-string-do-we-use-to-connect-the-azure-cosmos-db-data-migration-tool-to-the-cosmos-db-emulator/index.html]
[docs.microsoft.com/en-us/media/logos/logo-ms-social.png]
[bigfontblog.azurewebsites.net/list-all-the-keyboard-shortcuts-that-are-available-in-powershell/index.html]
[bigfontblog.azurewebsites.net/devops-praxis/index.html]
[bigfontblog.azurewebsites.net/find-your-business-in-british-columbia-by-business-number/index.html]
[bigfontblog.azurewebsites.net/getenumerator-and-getasyncenumerator-both-return-a-new-instance-of-an-enumerator/index.html]
[bigfontblog.azurewebsites.net/install-and-use-stylecop-in-a-net-or-net-core-project-from-the-command-line/index.html]
[bigfontblog.azurewebsites.net/content/images/2021/03/work-chores-recreation-3.png]
[bigfontblog.azurewebsites.net/content/images/2018/03/moose-cropped.jpg]
[bigfontblog.azurewebsites.net/tag/powershell/index.html]
[bigfontblog.azurewebsites.net/content/images/2017/09/working-1.jpg]
[bigfontblog.azurewebsites.net/content/images/2021/01/integration-composting.jpg]
[bigfontblog.azurewebsites.net/content/images/2020/02/Ugandan_defassa_waterbuck_-Kobus_ellipsiprymnus_defassa-_juvenile_male-1-2.jpg]
[bigfontblog.azurewebsites.net/tag/windows/index.html]
[bigfontblog.azurewebsites.net/content/images/2019/09/Capture.jpg]
[bigfontblog.azurewebsites.net/push-and-pull-files-between-windows-10-and-wsl2-file-systems-with-git/index.html]
[bigfontblog.azurewebsites.net/content/images/2021/01/DSCF1209-small.jpg]
[bigfontblog.azurewebsites.net/starting-with-wsl-2/index.html]
[bigfontblog.azurewebsites.net/content/images/2020/02/WIN_20200203_08_47_27_Pro.jpg]
[bigfontblog.azurewebsites.net/content/images/2019/09/garden-P1014288.jpg]
[bigfontblog.azurewebsites.net/to-pieces-of-incredibly-useful-and-free-screen-capture-software/index.html]
[bigfontblog.azurewebsites.net/content/images/2019/09/WIN_20190913_14_31_37_Pro--3-.jpg]
[bigfontblog.azurewebsites.net/tag/dotnet-core/index.html]
[bigfontblog.azurewebsites.net/dotnet-watch-run-usage-examples/index.html]
[bigfontblog.azurewebsites.net/dotnet-restore-without-an-internet-connection/index.html]
[bigfontblog.azurewebsites.net/net-core-what-do-all-the-versions-mean/index.html]
[bigfontblog.azurewebsites.net/content/images/2020/10/DSCF1105-small.jpg]
[bigfontblog.azurewebsites.net/content/images/2019/06/pexels-photo-710796.jpg]
[bigfontblog.azurewebsites.net/content/images/2019/06/butler-993392_1920.jpg]
[bigfontblog.azurewebsites.net/content/images/2019/06/my-standards.jpg]
[bigfontblog.azurewebsites.net/content/images/2019/05/ratchet-long.jpg]
[bigfontblog.azurewebsites.net/content/images/2018/08/europa-1185800_1920.jpg]
[bigfontblog.azurewebsites.net/content/images/2017/07/skydiving.jpg]
[bigfontblog.azurewebsites.net/content/images/2017/01/bench-in-the-forest.jpg]
[bigfontblog.azurewebsites.net/tag/software-development/index.html]
[bigfontblog.azurewebsites.net/content/images/2020/11/aug-2020-new-compost-small.jpg]
[bigfontblog.azurewebsites.net/when-using-typescript-and-streams/index.html]
[bigfontblog.azurewebsites.net/content/images/2020/10/outdoor-office-home-small.jpg]
[bigfontblog.azurewebsites.net/content/images/2019/12/image-8.png]
[bigfontblog.azurewebsites.net/parse-jest-json-test-output-with-jq/index.html]
[bigfontblog.azurewebsites.net/content/images/2019/11/1024px-Bull_moose_growing_new_antlers_and_shedding_fur.jpg]
[bigfontblog.azurewebsites.net/tag/life/index.html]
[bigfontblog.azurewebsites.net/tag/soft-skills/index.html]
[bigfontblog.azurewebsites.net/content/images/2017/09/desk.jpg]
[bigfontblog.azurewebsites.net/what-if-the-team-makes-a-bad-decision-despite-advice-to-the-contrary/index.html]
[bigfontblog.azurewebsites.net/content/images/size/w2000/2017/09/desk.jpg]
[bigfontblog.azurewebsites.net/seven-magic-tricks-for-a-successful-software-development-career/index.html]
[bigfontblog.azurewebsites.net/content/images/2017/09/garden.jpg]
[bigfontblog.azurewebsites.net/content/images/2018/05/lock-1.jpg]
[bigfontblog.azurewebsites.net/content/images/2017/12/Capture-7.png]
[bigfontblog.azurewebsites.net/tag/c/index.html]
[bigfontblog.azurewebsites.net/content/images/2017/02/Capture-1.png]
[bigfontblog.azurewebsites.net/what-was-it-like-working-a-four-day-work-week-for-two-and-a-half-years/index.html]
[bigfontblog.azurewebsites.net/powershell-insert-a-space-between-seach-capital-letter-pascalcase-pascal-case/index.html]
[bigfontblog.azurewebsites.net/capitalize-all-files-in-a-directory/index.html]
[bigfontblog.azurewebsites.net/content/images/2018/10/Capture.jpg]
[bigfontblog.azurewebsites.net/trim-trailing-whitespace-from-all-files-in-a-directory/index.html]
[bigfontblog.azurewebsites.net/content/images/size/w2000/2018/03/moose-cropped.jpg]
[bigfontblog.azurewebsites.net/permanently-modify-sytem-path-from-powershell/index.html]
[bigfontblog.azurewebsites.net/content/images/size/w2000/2017/09/working-1.jpg]
[bigfontblog.azurewebsites.net/powershell-trim-trailing-whitespace-from-all-files-recursively/index.html]
[bigfontblog.azurewebsites.net/content/images/2017/09/Capture-6.png]
[bigfontblog.azurewebsites.net/use-powershell-to-check-for-buildoptions-in-all-project-json-files/index.html]
[bigfontblog.azurewebsites.net/windows-10-setup-first-steps/index.html]
[bigfontblog.azurewebsites.net/fixing-the-surface-pro-4-internal-microphone-with-windows-10/index.html]
[bigfontblog.azurewebsites.net/content/images/2017/10/id-vs-key.png]
[bigfontblog.azurewebsites.net/copy-to-clipboard-from-nodejs/index.html]
[bigfontblog.azurewebsites.net/install-node-npm-in-the-linux-subsystem-for-windows/index.html]
[bigfontblog.azurewebsites.net/content/images/2019/09/halloween-occult-halloween-costume-wallpaper-preview.jpg]
[bigfontblog.azurewebsites.net/content/images/2017/09/bicycle.jpg]
[bigfontblog.azurewebsites.net/tag/git/index.html]
[bigfontblog.azurewebsites.net/content/images/2017/11/P1013661-square.jpg]
[bigfontblog.azurewebsites.net/git-commits-per-day-for-author/index.html]
[bigfontblog.azurewebsites.net/use-git-large-file-storage-lfs-in-the-windows-subsystem-for-linux-wsl/index.html]
[bigfontblog.azurewebsites.net/ssh-commands-that-are-helpful-on-a-regular-basis/index.html]
[bigfontblog.azurewebsites.net/these-are-git-commands/index.html]
[bigfontblog.azurewebsites.net/consideration-for-introduce-automated-code-formatting-into-a-large-existing-net-code-base/index.html]
[bigfontblog.azurewebsites.net/tag/assertiveness/index.html]
[bigfontblog.azurewebsites.net/receiving-a-refund-from-leetcode-with-the-help-of-the-better-business-bureau/index.html]
[bigfontblog.azurewebsites.net/temporarily-mute-or-hide-a-specific-user-in-the-slack-web-interface/index.html]
[bigfontblog.azurewebsites.net/content/images/2020/02/1024px-Portland_Japanese_gardens_zen_garden.jpg]
[bigfontblog.azurewebsites.net/social-skills-for-software-developers/index.html]
[bigfontblog.azurewebsites.net/tag/php/index.html]
[bigfontblog.azurewebsites.net/windows-10-performance-tip-1/index.html]
[bigfontblog.azurewebsites.net/content/images/2020/01/1024px-Ballet-Ballerina-1853.jpg]
[bigfontblog.azurewebsites.net/serve-php-files-from-the-command-line-in-windows/index.html]
[bigfontblog.azurewebsites.net/tag/climate-action/index.html]
[bigfontblog.azurewebsites.net/our-water-catchment-system/index.html]
[bigfontblog.azurewebsites.net/bill-gates-is-mistaken-in-his/index.html]
[bigfontblog.azurewebsites.net/content/images/2019/09/garden-P1014279.jpg]
[bigfontblog.azurewebsites.net/things-we-have-personally-done-about-the-climate-crisis-that-help-with-mitigation-adaptation-and-shifting-the-paradigm/index.html]
[bigfontblog.azurewebsites.net/how-is-it-possible-that-the-default-implementations-of-haskells-bifunctor-first-and-second-compose/index.html]
[bigfontblog.azurewebsites.net/taghelper-structure/index.html]
[bigfontblog.azurewebsites.net/some-questions-from-a-bcit-ssd-program-grad/index.html]
[bigfontblog.azurewebsites.net/interactive-net-experiences-online/index.html]
[bigfontblog.azurewebsites.net/tag/dotnet/index.html]
[bigfontblog.azurewebsites.net/local-functions-as-explanatory-variables/index.html]
[bigfontblog.azurewebsites.net/tag/category-theory/index.html]
[bigfontblog.azurewebsites.net/using-the-linux-subsystem-on-windows-10/index.html]
[bigfontblog.azurewebsites.net/deploying-a-custom-read-the-docs-install-to-an-azure-app-service/index.html]
[bigfontblog.azurewebsites.net/git-log/index.html]
[bigfontblog.azurewebsites.net/shortcuts-for-windows-10-multiple-desktops/index.html]
[bigfontblog.azurewebsites.net/high-level-notes-on-azure-arm-templates/index.html]
[bigfontblog.azurewebsites.net/tag/wsl/index.html]
[bigfontblog.azurewebsites.net/allow-vscode-through-wsl-firewall/index.html]
[bigfontblog.azurewebsites.net/search-and-download-azure-function-application-logs-from-powershell/index.html]
[bigfontblog.azurewebsites.net/high-level-notes-on-project-json-to-csproj/index.html]
[bigfontblog.azurewebsites.net/content/images/size/w2000/2019/06/pexels-photo-710796.jpg]
[bigfontblog.azurewebsites.net/some-points-and-quotes-in-favor-of-trunk-based-development-taken-from-books-blogs-blikis/index.html]
[bigfontblog.azurewebsites.net/content/images/size/w2000/2019/06/butler-993392_1920.jpg]
[bigfontblog.azurewebsites.net/at-what-point-does-a-professional-software-developer-need-to-say-no-instead-of-continuing-to-do-what-the-client-requires/index.html]
[bigfontblog.azurewebsites.net/content/images/size/w2000/2019/06/my-standards.jpg]
[bigfontblog.azurewebsites.net/a-short-guide-on-how-to-write-helpful-code-comments-written-by-someone-who-is-skeptical-of-the-value-of-code-comments/index.html]
[bigfontblog.azurewebsites.net/hypermedia-as-the-engine-of-application-state-hateoas/index.html]
[bigfontblog.azurewebsites.net/content/images/size/w2000/2019/05/ratchet-long.jpg]
[bigfontblog.azurewebsites.net/tag/agile/index.html]
[bigfontblog.azurewebsites.net/things-that-probably-make-software-teams-faster/index.html]
[bigfontblog.azurewebsites.net/content/images/2019/05/drainage-02.jpg]
[bigfontblog.azurewebsites.net/a-spreadsheet-with-a-priority-queue-might-be-the-least-expensive-and-most-effective-way-to-build-software-rapidly/index.html]
[bigfontblog.azurewebsites.net/filter-undefined-and-null-values-from-an-array-while-still-satisfying-typescripts-strict-mode/index.html]
[bigfontblog.azurewebsites.net/notes-on-joel-spolskys-blog-post-on-character-encodings/index.html]
[bigfontblog.azurewebsites.net/find-the-instructions-for-transferring-a-domain-name-from-google-suite-to-a-different-registrar/index.html]
[bigfontblog.azurewebsites.net/how-do-you-practice-your-performance/index.html]
[bigfontblog.azurewebsites.net/tag/programming/index.html]
[bigfontblog.azurewebsites.net/content/images/2019/01/Capture-2.jpg]
[bigfontblog.azurewebsites.net/pair-documenting-might-produce-higher-quality-documentation/index.html]
[bigfontblog.azurewebsites.net/typescript-constructor-parameters/index.html]
[bigfontblog.azurewebsites.net/searching-with-git/index.html]
[bigfontblog.azurewebsites.net/functional-programming-notes/index.html]
[bigfontblog.azurewebsites.net/current-side-projects-as-of-january-2019/index.html]
[bigfontblog.azurewebsites.net/untitled-2/index.html]
[bigfontblog.azurewebsites.net/content/images/size/w2000/2018/08/europa-1185800_1920.jpg]
[bigfontblog.azurewebsites.net/architecting-large-scale-systems/index.html]
[bigfontblog.azurewebsites.net/software-testing-strategies/index.html]
[bigfontblog.azurewebsites.net/the-classic-mistake-of-keeping-a-throwaway-prototype/index.html]
[bigfontblog.azurewebsites.net/tag/classic-mistakes/index.html]
[bigfontblog.azurewebsites.net/msci-world-index/index.html]
[bigfontblog.azurewebsites.net/disable-vscode-version-control-integration/index.html]
[bigfontblog.azurewebsites.net/agile-software-development-requires-technical-excellence/index.html]
[bigfontblog.azurewebsites.net/just-dont-hit-on-people-you-find-attractive/index.html]
[bigfontblog.azurewebsites.net/content/images/2017/07/equal_sign1600.png]
[bigfontblog.azurewebsites.net/how-to-name-boolean-returning-functions-and-methods/index.html]
[bigfontblog.azurewebsites.net/some-career-related-ultimate-goals-for-2017/index.html]
[bigfontblog.azurewebsites.net/tag/goal-setting/index.html]
[bigfontblog.azurewebsites.net/my-favorite-visual-studio-code-extensions/index.html]
[bigfontblog.azurewebsites.net/autoformat/index.html]
[bigfontblog.azurewebsites.net/content/images/2017/09/Varsha_ys.jpg]
[bigfontblog.azurewebsites.net/string-index-signatures-let-us-restrict-the-types-that-an-object-can-contain/index.html]
[bigfontblog.azurewebsites.net/content/images/2017/08/P1013656.jpg]
[bigfontblog.azurewebsites.net/vsts-test-coverage-with-mocha-istanbul-nyc-coburtura-and-junit/index.html]
[bigfontblog.azurewebsites.net/content/images/2017/07/coverage-report-3.png]
[bigfontblog.azurewebsites.net/the-power-of-es-2017-in-typescript-with-nodejs-6-11-0/index.html]
[bigfontblog.azurewebsites.net/content/images/2017/07/ecma2017.png]
[bigfontblog.azurewebsites.net/tag/typescript/index.html]
[bigfontblog.azurewebsites.net/what-does-keyof-t-do-at-the-end-of-a-type-declaration/index.html]
[bigfontblog.azurewebsites.net/content/images/size/w2000/2018/10/Capture.jpg]
[bigfontblog.azurewebsites.net/data-transfer-object-wrapper/index.html]
[bigfontblog.azurewebsites.net/add-typescript-definition-files-to-the-npm-types-organization/index.html]
[bigfontblog.azurewebsites.net/converting-markdown-to-html-and-or-odt-format/index.html]
[bigfontblog.azurewebsites.net/typescript-class-vs-interface-vs-type/index.html]
[bigfontblog.azurewebsites.net/finding-an-a-employer/index.html]
[bigfontblog.azurewebsites.net/my-answers-to-common-interview-questions/index.html]
[bigfontblog.azurewebsites.net/tag/career/index.html]
[bigfontblog.azurewebsites.net/untitled-4/index.html]
[bigfontblog.azurewebsites.net/use-a-regular-expression-in-vs-codes/index.html]
[bigfontblog.azurewebsites.net/content/images/2019/12/Capture-6.png]
[bigfontblog.azurewebsites.net/vscode-markdown-highlighting-in-js-comments/index.html]
[bigfontblog.azurewebsites.net/tag/software-dev/index.html]
[bigfontblog.azurewebsites.net/tag/presentations/index.html]
[bigfontblog.azurewebsites.net/content/images/size/w2000/2017/09/garden.jpg]
[bigfontblog.azurewebsites.net/when-do-we-add-comments-to-our-code/index.html]
[bigfontblog.azurewebsites.net/resharper-exclude-all-c-projects-from-analysis/index.html]
[bigfontblog.azurewebsites.net/content/images/size/w2000/2018/05/lock-1.jpg]
[bigfontblog.azurewebsites.net/what-is-a-net-mutex/index.html]
[bigfontblog.azurewebsites.net/content/images/size/w2000/2017/12/Capture-7.png]
[bigfontblog.azurewebsites.net/resharper-from-the-command-line/index.html]
[bigfontblog.azurewebsites.net/ecma-script-modules-in-the-browser/index.html]
[bigfontblog.azurewebsites.net/tag/vim/index.html]
[bigfontblog.azurewebsites.net/stand-on-the-shoulders-of-style-guide-genius/index.html]
[bigfontblog.azurewebsites.net/vim-with-csharp-dotnet-and-omnisharp-on-windows/index.html]
[bigfontblog.azurewebsites.net/debug-an-iis-express-web-application-from-vs-code/index.html]
[bigfontblog.azurewebsites.net/vim-with-csharp-dotnet-and-omnisharp-on-windows/2/index.html]
[bigfontblog.azurewebsites.net/high-level-notes-on-font-face-in-css/index.html]
[bigfontblog.azurewebsites.net/vim-substitution-with-capture-groups/index.html]
[bigfontblog.azurewebsites.net/vim-find-in-files-the-basics/index.html]
[bigfontblog.azurewebsites.net/async-throw-away-fire-and-forget-with-csharp-dotnet/index.html]
[bigfontblog.azurewebsites.net/error-handling-with-an-either-type-in-typescript/index.html]
[bigfontblog.azurewebsites.net/streamline-ssh-with-git-for-windows/index.html]
[bigfontblog.azurewebsites.net/tag/f/index.html]
[bigfontblog.azurewebsites.net/hide-the-resharper-build/index.html]
[bigfontblog.azurewebsites.net/content/images/2018/04/solution_builder_window-1.png]
[bigfontblog.azurewebsites.net/a-simple-example-of-using-observable-in-fsharp/index.html]
[bigfontblog.azurewebsites.net/resharper-code-inspection-from-the-command-line/index.html]
[bigfontblog.azurewebsites.net/content/images/2018/01/garden-bed.jpg]
[bigfontblog.azurewebsites.net/use-msbuild-and-or-vstest-from-the-command-line-to-run-unit-tests/index.html]
[bigfontblog.azurewebsites.net/content/images/size/w2000/2017/09/Capture-6.png]
[bigfontblog.azurewebsites.net/expose-kestrel-directly-to-the-internet/index.html]
[bigfontblog.azurewebsites.net/tag/asp-net-core/index.html]
[bigfontblog.azurewebsites.net/ubuntu-16-in-hyper-v-on-windows-10-with-net-core/index.html]
[bigfontblog.azurewebsites.net/attribute-info-is-missing-when-running-from-an-azure-web-app-but-not-from-iis-express/index.html]
[bigfontblog.azurewebsites.net/swashbuckle-swaggerui-with-openiddict-and-bearer-tokens/index.html]
[bigfontblog.azurewebsites.net/my-firefox-add-ons-lastpass-and-tree-style-tab/index.html]
[bigfontblog.azurewebsites.net/rename-symbol-vs-change-all-occurance/index.html]
[bigfontblog.azurewebsites.net/tag/swashbuckle/index.html]
[bigfontblog.azurewebsites.net/use-async-around-a-method-that-has-nothing-to-await/index.html]
[bigfontblog.azurewebsites.net/tag/windows-10/index.html]
[bigfontblog.azurewebsites.net/starting-htbox-allready-web-app-development-2/index.html]
[bigfontblog.azurewebsites.net/some-more-career-related-ultimate-goals/index.html]
[bigfontblog.azurewebsites.net/tag/code/index.html]
[bigfontblog.azurewebsites.net/why-code-first-migrations/index.html]
[bigfontblog.azurewebsites.net/run-an-aspnet-4x-website-from-the-command-line/index.html]
[bigfontblog.azurewebsites.net/tag/shortcuts/index.html]
[bigfontblog.azurewebsites.net/starting-with-bitcoin/index.html]
[bigfontblog.azurewebsites.net/content/images/2018/01/merkel-merkle-tree.png]
[bigfontblog.azurewebsites.net/our-favorite-keyboard-shortcuts/index.html]
[bigfontblog.azurewebsites.net/content/images/size/w2000/2017/10/id-vs-key.png]
[bigfontblog.azurewebsites.net/what-do-you-mean-when-you-say-jwt/index.html]
[bigfontblog.azurewebsites.net/tag/nodejs/index.html]
[bigfontblog.azurewebsites.net/tag/oauth/index.html]
[bigfontblog.azurewebsites.net/content/images/size/w2000/2017/09/Varsha_ys.jpg]
[bigfontblog.azurewebsites.net/import-m-require-module-vs-import-as-m-from-module/index.html]
[bigfontblog.azurewebsites.net/tag/linux/index.html]
[bigfontblog.azurewebsites.net/using-graphical-user-interfaces-in-wsl2/index.html]
[bigfontblog.azurewebsites.net/tag/wsl2/index.html]
[bigfontblog.azurewebsites.net/practical-tips-on-using-the-linux-subsystem-on-windows/index.html]
[bigfontblog.azurewebsites.net/tab-completion-in-bash-in-wsl/index.html]
[bigfontblog.azurewebsites.net/do-not-put-console-log-into-version-control-or-production/index.html]
[bigfontblog.azurewebsites.net/why-avoid-static-methods/index.html]
[bigfontblog.azurewebsites.net/git-rebase-a-range-of-commits-starting-a-head-onto-a-new-base/index.html]
[bigfontblog.azurewebsites.net/git-list-the-files-you-have-worked-on-in-the-last-week/index.html]
[bigfontblog.azurewebsites.net/clear-vscode-session/index.html]
[bigfontblog.azurewebsites.net/vim-clear-trailing-whitespace/index.html]
[bigfontblog.azurewebsites.net/khan-academy-asymptotic-notation/index.html]
[bigfontblog.azurewebsites.net/visual-studio-performance-for-large-solutions/index.html]
[bigfontblog.azurewebsites.net/go-kinda-zen-mode-with-visual-studio/index.html]
[bigfontblog.azurewebsites.net/content/images/2018/01/zen.jpg]
[bigfontblog.azurewebsites.net/change-the-base-of-a-topic-branch/index.html]
[bigfontblog.azurewebsites.net/how-we-do-code-review-at-bigfont/index.html]
[bigfontblog.azurewebsites.net/update-a-forked-github-repository-from-its-source/index.html]
[bigfontblog.azurewebsites.net/list-git-branches-with-the-name-of-the-last-committer/index.html]
[bigfontblog.azurewebsites.net/git-clean-with-multiple-exclude-patterns/index.html]
[bigfontblog.azurewebsites.net/git-rebase-strategy-with-xours/index.html]
[bigfontblog.azurewebsites.net/export-default-vs-export-in-typescript/index.html]
[bigfontblog.azurewebsites.net/typescript-import-and-export-organization/index.html]
[bigfontblog.azurewebsites.net/vim-execute-the-current-file-2/index.html]
[bigfontblog.azurewebsites.net/combine-sort-and-tail-with-git-to-view-the-most-changed-files/index.html]
[www.ssh.com/a/favicon.a7.delayed]
[bigfontblog.azurewebsites.net/tag/ssh/index.html]
[www.ssh.com/s/new/ssh-com-logo-small-white-900x404-k1SPmcHa.png]
[www.ssh.com/s/ssh-keygen-user-key-728x467-BMs00tMu.png]
[bigfontblog.azurewebsites.net/use-ssh-to-run-a-local-script-with-arguments-on-a-remote-host/index.html]
[bigfontblog.azurewebsites.net/here-is-a-realistic-and-encouraging-way-of-thinking-for-people-who/index.html]
[bigfontblog.azurewebsites.net/content/images/2019/10/KC_Ballet_CincinnatiBallet-SwanLake2009-Photog-PeterMueller_-15739556063-.jpg]
[bigfontblog.azurewebsites.net/ssh-commands-that-are-helpful-on-a-regular-basis/index.html]
[bigfontblog.azurewebsites.net/content/images/2020/06/bike-stand-03-1.jpg]
[bigfontblog.azurewebsites.net/tag/assertiveness/index.html]
[bigfontblog.azurewebsites.net/covid-19-reentry-scenarios/index.html]
[bigfontblog.azurewebsites.net/starting-with-docker-on-wsl-2-without-docker-desktop/index.html]
[bigfontblog.azurewebsites.net/content/images/2020/04/pangolin.jpg]
[bigfontblog.azurewebsites.net/receiving-a-refund-from-leetcode-with-the-help-of-the-better-business-bureau/index.html]
[bigfontblog.azurewebsites.net/temporarily-mute-or-hide-a-specific-user-in-the-slack-web-interface/index.html]
[bigfontblog.azurewebsites.net/tag/php/index.html]
[bigfontblog.azurewebsites.net/tag/productivity/index.html]
[bigfontblog.azurewebsites.net/windows-10-performance-tip-1/index.html]
[bigfontblog.azurewebsites.net/content/images/2019/09/garden-P1014289.jpg]
[bigfontblog.azurewebsites.net/tag/climate-action/index.html]
[bigfontblog.azurewebsites.net/our-water-catchment-system/index.html]
[bigfontblog.azurewebsites.net/bill-gates-is-mistaken-in-his/index.html]
[bigfontblog.azurewebsites.net/tag/category-theory/index.html]
[bigfontblog.azurewebsites.net/deploying-a-custom-read-the-docs-install-to-an-azure-app-service/index.html]
[bigfontblog.azurewebsites.net/git-log/index.html]
[bigfontblog.azurewebsites.net/shortcuts-for-windows-10-multiple-desktops/index.html]
[bigfontblog.azurewebsites.net/tag/wsl/index.html]
[bigfontblog.azurewebsites.net/allow-vscode-through-wsl-firewall/index.html]
[bigfontblog.azurewebsites.net/tag/azure/index.html]
[bigfontblog.azurewebsites.net/tag/vscode/index.html]
[bigfontblog.azurewebsites.net/upgrade-ghost-from-0-x-to-2-x/index.html]
[bigfontblog.azurewebsites.net/run-docker-from-the-wsl/index.html]
[bigfontblog.azurewebsites.net/covid-19/index.html]
[bigfontblog.azurewebsites.net/author/heather/index.html]
[bigfontblog.azurewebsites.net/bash-commands-that-are-helpful-to-me-on-a-daily-basis-and-which-i-initially-found-difficult-to-use/index.html]
[bigfontblog.azurewebsites.net/content/images/2017/05/anger.jpg]
[bigfontblog.azurewebsites.net/search-and-download-azure-function-application-logs-from-powershell/index.html]
[bigfontblog.azurewebsites.net/high-level-notes-on-project-json-to-csproj/index.html]
[bigfontblog.azurewebsites.net/tag/agile/index.html]
[bigfontblog.azurewebsites.net/anger-management-for-software-developers/index.html]
[bigfontblog.azurewebsites.net/content/images/size/w2000/2019/05/drainage-02.jpg]
[bigfontblog.azurewebsites.net/things-that-probably-make-software-teams-faster/index.html]
[bigfontblog.azurewebsites.net/find-the-instructions-for-transferring-a-domain-name-from-google-suite-to-a-different-registrar/index.html]
[bigfontblog.azurewebsites.net/typescript-module-resolution-fundamentals/index.html]
[bigfontblog.azurewebsites.net/tag/domains/index.html]
[bigfontblog.azurewebsites.net/how-do-you-practice-your-performance/index.html]
[bigfontblog.azurewebsites.net/git-config-core-autocrlf/index.html]
[bigfontblog.azurewebsites.net/keep-my-free-google-apps-with-a-custom-domain-while-using-the-same-domain-with-proton-mail/index.html]
[bigfontblog.azurewebsites.net/tag/magic/index.html]
[bigfontblog.azurewebsites.net/content/images/2017/07/bug.jpg]
[bigfontblog.azurewebsites.net/tag/programming/index.html]
[bigfontblog.azurewebsites.net/functional-programming-notes/index.html]
[bigfontblog.azurewebsites.net/why-do-you-write-to-console-instead-of-using-a-debugger/index.html]
[bigfontblog.azurewebsites.net/content/images/size/w2000/2019/01/Capture-2.jpg]
[bigfontblog.azurewebsites.net/current-side-projects-as-of-january-2019/index.html]
[bigfontblog.azurewebsites.net/untitled-2/index.html]
[bigfontblog.azurewebsites.net/tag/project-management-focus-goal-setting/index.html]
[bigfontblog.azurewebsites.net/msci-world-index/index.html]
[bigfontblog.azurewebsites.net/simple-example-of-using-the-browsers-history-api/index.html]
[bigfontblog.azurewebsites.net/disable-vscode-version-control-integration/index.html]
[bigfontblog.azurewebsites.net/tag/classic-mistakes/index.html]
[bigfontblog.azurewebsites.net/agile-software-development-requires-technical-excellence/index.html]
[bigfontblog.azurewebsites.net/tag/javascript/index.html]
[bigfontblog.azurewebsites.net/tag/investing/index.html]
[bigfontblog.azurewebsites.net/this-in-functions-arrow-functions-class-methods-and-class-arrow-function-properties/index.html]
[bigfontblog.azurewebsites.net/just-dont-hit-on-people-you-find-attractive/index.html]
[bigfontblog.azurewebsites.net/tag/goal-setting/index.html]
[bigfontblog.azurewebsites.net/my-favorite-visual-studio-code-extensions/index.html]
[bigfontblog.azurewebsites.net/autoformat/index.html]
[bigfontblog.azurewebsites.net/tag/workplace/index.html]
[bigfontblog.azurewebsites.net/net-structs-never-have-reference-equality/index.html]
[bigfontblog.azurewebsites.net/how-to-retry-a-jenkins-build/index.html]
[bigfontblog.azurewebsites.net/string-index-signatures-let-us-restrict-the-types-that-an-object-can-contain/index.html]
[bigfontblog.azurewebsites.net/vsts-test-coverage-with-mocha-istanbul-nyc-coburtura-and-junit/index.html]
[bigfontblog.azurewebsites.net/the-power-of-es-2017-in-typescript-with-nodejs-6-11-0/index.html]
[bigfontblog.azurewebsites.net/add-typescript-definition-files-to-the-npm-types-organization/index.html]
[bigfontblog.azurewebsites.net/converting-markdown-to-html-and-or-odt-format/index.html]
[bigfontblog.azurewebsites.net/legitimate-uses-of-undefined-in-javascript/index.html]
[bigfontblog.azurewebsites.net/typescript-class-vs-interface-vs-type/index.html]
[bigfontblog.azurewebsites.net/add-typescript-definition-files-to-the-npm-types-organization/3/index.html]
[bigfontblog.azurewebsites.net/tag/career/index.html]
[bigfontblog.azurewebsites.net/untitled-4/index.html]
[bigfontblog.azurewebsites.net/red-dots-between-characters-in-firefox-developer-tools/index.html]
[bigfontblog.azurewebsites.net/accreditted-computer-science-courses-of-personal-interest/index.html]
[bigfontblog.azurewebsites.net/tag/markdown/index.html]
[bigfontblog.azurewebsites.net/use-a-regular-expression-in-vs-codes/index.html]
[bigfontblog.azurewebsites.net/ecma-script-modules-in-the-browser/index.html]
[bigfontblog.azurewebsites.net/files-changed-on-github-differs-from-the-result-of-git-diff-master/index.html]
[bigfontblog.azurewebsites.net/content/images/2017/12/Capture-3.png]
[bigfontblog.azurewebsites.net/stand-on-the-shoulders-of-style-guide-genius/index.html]
[bigfontblog.azurewebsites.net/content/images/2017/07/vimgrep.png]
[bigfontblog.azurewebsites.net/tag/vim/index.html]
[bigfontblog.azurewebsites.net/vim-with-csharp-dotnet-and-omnisharp-on-windows/2/index.html]
[bigfontblog.azurewebsites.net/use-gocd-to-deploy-a-single-docker-image-to-digitalocean/index.html]
[bigfontblog.azurewebsites.net/content/images/2019/10/temp.png]
[bigfontblog.azurewebsites.net/vim-substitution-with-capture-groups/index.html]
[bigfontblog.azurewebsites.net/getting-started-with-beamer-for-latex-slide-presentations/index.html]
[bigfontblog.azurewebsites.net/content/images/2017/06/red-vinyl-fabric_924x699.jpg]
[bigfontblog.azurewebsites.net/vim-find-in-files-the-basics/index.html]
[bigfontblog.azurewebsites.net/async-throw-away-fire-and-forget-with-csharp-dotnet/index.html]
[bigfontblog.azurewebsites.net/streamline-ssh-with-git-for-windows/index.html]
[bigfontblog.azurewebsites.net/tag/f/index.html]
[bigfontblog.azurewebsites.net/content/images/size/w2000/2018/04/solution_builder_window-1.png]
[bigfontblog.azurewebsites.net/hide-the-resharper-build/index.html]
[bigfontblog.azurewebsites.net/tag/resharper/index.html]
[bigfontblog.azurewebsites.net/encrypting-azure-function-appsettings-json-for-storage-in-version-control/index.html]
[bigfontblog.azurewebsites.net/project-estimation-services-bigfont-provides-2/index.html]
[bigfontblog.azurewebsites.net/content/images/size/w2000/2018/01/garden-bed.jpg]
[bigfontblog.azurewebsites.net/resharper-code-inspection-from-the-command-line/index.html]
[bigfontblog.azurewebsites.net/swashbuckle-swaggerui-with-openiddict-and-bearer-tokens/index.html]
[bigfontblog.azurewebsites.net/my-firefox-add-ons-lastpass-and-tree-style-tab/index.html]
[bigfontblog.azurewebsites.net/tag/swashbuckle/index.html]
[bigfontblog.azurewebsites.net/why-code-first-migrations/index.html]
[bigfontblog.azurewebsites.net/tag/code/index.html]
[bigfontblog.azurewebsites.net/run-an-aspnet-4x-website-from-the-command-line/index.html]
[bigfontblog.azurewebsites.net/tag/shortcuts/index.html]
[bigfontblog.azurewebsites.net/content/images/size/w2000/2018/01/merkel-merkle-tree.png]
[bigfontblog.azurewebsites.net/starting-with-bitcoin/index.html]
[bigfontblog.azurewebsites.net/tag/oauth/index.html]
[bigfontblog.azurewebsites.net/tag/bitcoin/index.html]
[cdn.sstatic.net/Sites/unix/img/apple-touch-icon6a29.png]
[bigfontblog.azurewebsites.net/tab-completion-in-bash-in-wsl/index.html]
[cdn.sstatic.net/Sites/unix/img/apple-touch-icon@21792.png]
[bigfontblog.azurewebsites.net/tag/wsl2/index.html]
[bigfontblog.azurewebsites.net/why-avoid-static-methods/index.html]
[bigfontblog.azurewebsites.net/clear-vscode-session/index.html]
[bigfontblog.azurewebsites.net/cqrs-and-ddd-some-guidelines/index.html]
[bigfontblog.azurewebsites.net/vim-clear-trailing-whitespace/index.html]
[bigfontblog.azurewebsites.net/dns-record-and-domain-name-notes/index.html]
[bigfontblog.azurewebsites.net/khan-academy-asymptotic-notation/index.html]
[bigfontblog.azurewebsites.net/visual-studio-performance-for-large-solutions/index.html]
[bigfontblog.azurewebsites.net/notes-on-vims-native-package-manager/index.html]
[bigfontblog.azurewebsites.net/tag/notes/index.html]
[bigfontblog.azurewebsites.net/tag/visual-studio/index.html]
[bigfontblog.azurewebsites.net/content/images/size/w2000/2018/01/zen.jpg]
[bigfontblog.azurewebsites.net/go-kinda-zen-mode-with-visual-studio/index.html]
[bigfontblog.azurewebsites.net/export-default-vs-export-in-typescript/index.html]
[bigfontblog.azurewebsites.net/vim-execute-the-current-file-2/index.html]
[bigfontblog.azurewebsites.net/typescript-import-and-export-organization/index.html]
[bigfontblog.azurewebsites.net/tag/ssh/index.html]
[www.ssh.com/a/favicon.html]
[www.ssh.com/s/new/ssh-com-logo-small-white-900x404-k1SPmcHa.html]
[www.ssh.com/s/ssh-keygen-user-key-728x467-BMs00tMu.html]
[bigfontblog.azurewebsites.net/use-ssh-to-run-a-local-script-with-arguments-on-a-remote-host/index.html]
[bigfontblog.azurewebsites.net/tag/bash/index.html]
[bigfontblog.azurewebsites.net/here-is-a-realistic-and-encouraging-way-of-thinking-for-people-who/index.html]
[bigfontblog.azurewebsites.net/starting-with-docker-on-wsl-2-without-docker-desktop/index.html]
[bigfontblog.azurewebsites.net/covid-19-reentry-scenarios/index.html]
[bigfontblog.azurewebsites.net/tag/productivity/index.html]
[bigfontblog.azurewebsites.net/tag/azure/index.html]
[bigfontblog.azurewebsites.net/upgrade-ghost-from-0-x-to-2-x/index.html]
[bigfontblog.azurewebsites.net/run-docker-from-the-wsl/index.html]
[bigfontblog.azurewebsites.net/tag/covid-19/index.html]
[bigfontblog.azurewebsites.net/tag/vscode/index.html]
[bigfontblog.azurewebsites.net/tag/ghost-tag/index.html]
[bigfontblog.azurewebsites.net/bash-kata/index.html]
[bigfontblog.azurewebsites.net/from-coffeescript-to-typescript/index.html]
[d3njjcbhbojbot.cloudfront.net/web/images/favicons/icon-194x194.png]
[s3.amazonaws.com/coursera/media/Partner_Logos.png]
[www.canada.ca/content/dam/canada/bck-srh.jpg]
[bigfontblog.azurewebsites.net/covid-19/index.html]
[bigfontblog.azurewebsites.net/author/heather/index.html]
[bigfontblog.azurewebsites.net/bash-commands-that-are-helpful-to-me-on-a-daily-basis-and-which-i-initially-found-difficult-to-use/index.html]
[bigfontblog.azurewebsites.net/anger-management-for-software-developers/index.html]
[bigfontblog.azurewebsites.net/typescript-module-resolution-fundamentals/index.html]
[bigfontblog.azurewebsites.net/git-config-core-autocrlf/index.html]
[bigfontblog.azurewebsites.net/tag/domains/index.html]
[bigfontblog.azurewebsites.net/keep-my-free-google-apps-with-a-custom-domain-while-using-the-same-domain-with-proton-mail/index.html]
[bigfontblog.azurewebsites.net/tag/magic/index.html]
[bigfontblog.azurewebsites.net/tag/communication/index.html]
[bigfontblog.azurewebsites.net/why-do-you-write-to-console-instead-of-using-a-debugger/index.html]
[bigfontblog.azurewebsites.net/simple-example-of-using-the-browsers-history-api/index.html]
[bigfontblog.azurewebsites.net/tag/project-management-focus-goal-setting/index.html]
[bigfontblog.azurewebsites.net/tag/javascript/index.html]
[bigfontblog.azurewebsites.net/this-in-functions-arrow-functions-class-methods-and-class-arrow-function-properties/index.html]
[bigfontblog.azurewebsites.net/tag/investing/index.html]
[bigfontblog.azurewebsites.net/tag/workplace/index.html]
[bigfontblog.azurewebsites.net/net-structs-never-have-reference-equality/index.html]
[bigfontblog.azurewebsites.net/how-to-retry-a-jenkins-build/index.html]
[bigfontblog.azurewebsites.net/legitimate-uses-of-undefined-in-javascript/index.html]
[bigfontblog.azurewebsites.net/add-typescript-definition-files-to-the-npm-types-organization/3/index.html]
[bigfontblog.azurewebsites.net/red-dots-between-characters-in-firefox-developer-tools/index.html]
[bigfontblog.azurewebsites.net/accreditted-computer-science-courses-of-personal-interest/index.html]
[bigfontblog.azurewebsites.net/tag/markdown/index.html]
[bigfontblog.azurewebsites.net/humble-notes-after-five-weeks-migrating-an-existing-domain-driven-design-to-cqrs-es/index.html]
[bigfontblog.azurewebsites.net/content/images/size/w2000/2017/12/Capture-3.png]
[bigfontblog.azurewebsites.net/files-changed-on-github-differs-from-the-result-of-git-diff-master/index.html]
[bigfontblog.azurewebsites.net/tag/jenkins/index.html]
[bigfontblog.azurewebsites.net/add-a-nuget-source-from-the-command-line/index.html]
[bigfontblog.azurewebsites.net/use-gocd-to-deploy-a-single-docker-image-to-digitalocean/index.html]
[bigfontblog.azurewebsites.net/tag/docker/index.html]
[bigfontblog.azurewebsites.net/getting-started-with-beamer-for-latex-slide-presentations/index.html]
[bigfontblog.azurewebsites.net/encrypting-azure-function-appsettings-json-for-storage-in-version-control/index.html]
[bigfontblog.azurewebsites.net/project-estimation-services-bigfont-provides-2/index.html]
[bigfontblog.azurewebsites.net/tag/resharper/index.html]
[bigfontblog.azurewebsites.net/tag/bitcoin/index.html]
[bigfontblog.azurewebsites.net/cqrs-and-ddd-some-guidelines/index.html]
[cdn.sstatic.net/Sites/stackoverflow/img/apple-touch-icon452c.png]
[cdn.sstatic.net/Sites/stackoverflow/img/apple-touch-icon@28a00.png]
[bigfontblog.azurewebsites.net/dns-record-and-domain-name-notes/index.html]
[bigfontblog.azurewebsites.net/notes-on-vims-native-package-manager/index.html]
[bigfontblog.azurewebsites.net/tag/notes/index.html]
[bigfontblog.azurewebsites.net/tag/visual-studio/index.html]
[bigfontblog.azurewebsites.net/tag/bash/index.html]
[bigfontblog.azurewebsites.net/tag/covid-19/index.html]
[bigfontblog.azurewebsites.net/bash-kata/index.html]
[bigfontblog.azurewebsites.net/tag/ghost-tag/index.html]
[bigfontblog.azurewebsites.net/from-coffeescript-to-typescript/index.html]
[bigfontblog.azurewebsites.net/tag/domain-driven-development/index.html]
[bigfontblog.azurewebsites.net/tag/communication/index.html]
[bigfontblog.azurewebsites.net/humble-notes-after-five-weeks-migrating-an-existing-domain-driven-design-to-cqrs-es/index.html]
[bigfontblog.azurewebsites.net/what-did-we-git-today/index.html]
[bigfontblog.azurewebsites.net/stack-vs-heap/index.html]
[bigfontblog.azurewebsites.net/add-a-nuget-source-from-the-command-line/index.html]
[bigfontblog.azurewebsites.net/tag/jenkins/index.html]
[bigfontblog.azurewebsites.net/tag/docker/index.html]
[bigfontblog.azurewebsites.net/what-did-we-git-today/index.html]
[bigfontblog.azurewebsites.net/stack-vs-heap/index.html]
[bigfontblog.azurewebsites.net/import-and/index.html]
[bigfontblog.azurewebsites.net/tag/domain-driven-development/index.html]
[bigfontblog.azurewebsites.net/import-and/index.html]
[bigfontblog.azurewebsites.net/tag/cqrs/index.html]
[bigfontblog.azurewebsites.net/tag/cqrs/index.html]
[bigfontblog.azurewebsites.net/some-of-my-note-taking-shorthand-for-software-development/index.html]
[bigfontblog.azurewebsites.net/some-of-my-note-taking-shorthand-for-software-development/index.html]
[bigfontblog.azurewebsites.net/classes-vs-structs-in-c-net/index.html]
[bigfontblog.azurewebsites.net/classes-vs-structs-in-c-net/index.html]
[bigfontblog.azurewebsites.net/install-a-letsencrypt-ssl-certificate-into-an-azure-app-service/index.html]
[bigfontblog.azurewebsites.net/c-net-frequently-asked-questions-and-some-short-answers/index.html]
[bigfontblog.azurewebsites.net/install-a-letsencrypt-ssl-certificate-into-an-azure-app-service/index.html]
[bigfontblog.azurewebsites.net/c-net-frequently-asked-questions-and-some-short-answers/index.html]
