[bigfontblog.azurewebsites.net/index.html]
[backblue.gif]
[fade.gif]
[index.html]
[bigfontblog.azurewebsites.net/assets/built/screenc03d.css]
[bigfontblog.azurewebsites.net/favicon.ico]
[bigfontblog.azurewebsites.net/public/ghost-sdk.minc03d.js]
[www.google-analytics.com/analytics.js]
[bigfontblog.azurewebsites.net/content/images/size/w1000/2016/10/business_casual_cropped_square.jpg]
[bigfontblog.azurewebsites.net/about/index.html]
[bigfontblog.azurewebsites.net/work-bibliography/index.html]
[bigfontblog.azurewebsites.net/content/images/2022/08/drawing_circa_july_2022.jpg]
[bigfontblog.azurewebsites.net/i-have-started-formatting-code-locally-with-csharpier-for-my-own-read-mode-during-local-development/index.html]
[bigfontblog.azurewebsites.net/author/shaun/index.html]
[bigfontblog.azurewebsites.net/avoid-leaving-powershell-side-effects-on-the-pipeline/index.html]
[bigfontblog.azurewebsites.net/reducing-the-chance-of-tcp-port-exhaustion-on-a-windows-server/index.html]
[bigfontblog.azurewebsites.net/copy-large-files-over-a-windows-remote-desktop-connection/index.html]
[bigfontblog.azurewebsites.net/content/images/2022/04/219787656_571590897338872_541651510636316.jpg]
[bigfontblog.azurewebsites.net/what-kinds-of-mental-health-psychology-and-counselling-practitioners-exists-in-canada/index.html]
[bigfontblog.azurewebsites.net/championing-psychological-health-and-safety-as-an-individual-contributor-at-the-workplace/index.html]
[bigfontblog.azurewebsites.net/content/images/2021/12/geograph-4453746-by-Kenneth--Allen.jpg]
[bigfontblog.azurewebsites.net/list-tcp-connections-for-process/index.html]
[bigfontblog.azurewebsites.net/attach-vs-code-to-dotnet-test/index.html]
[bigfontblog.azurewebsites.net/the-spiral-software-development-lifecycle-or-how-to-spiral-into-control/index.html]
[bigfontblog.azurewebsites.net/task-on-a-dark-night-find-a-ball-that-fell-into-a-pothole-in-a-road-that-has-several-potholes/index.html]
[bigfontblog.azurewebsites.net/he-they-from-my-perspective-as-a-middle-aged-privileged-white-male-in-western-canada/index.html]
[bigfontblog.azurewebsites.net/content/images/2021/11/photograph-of-mx-shaun-luttin-2.jpg]
[bigfontblog.azurewebsites.net/enable-long-paths-in-windows-with-powershell/index.html]
[bigfontblog.azurewebsites.net/determine-whether-two-c-builds-result-in-binaries-that-a-functionally-identical-within-reasonable-limits/index.html]
[bigfontblog.azurewebsites.net/content/images/2021/08/WIN_20210813_19_06_55_Pro.jpg]
[bigfontblog.azurewebsites.net/how-to-release-a-locked-port-in-windows-from-powershell/index.html]
[bigfontblog.azurewebsites.net/content/images/2021/06/frc-perspective-sky.jpg]
[bigfontblog.azurewebsites.net/how-i-do-salary-negotiation-as-an-employee/index.html]
[bigfontblog.azurewebsites.net/run-a-specific-vs-code-launch-configuration-from-the-command-palette/index.html]
[bigfontblog.azurewebsites.net/for-me-a-quality-code-base-is-not-about-the-craft-its-about-long-term-feature-delivery-velocity/index.html]
[bigfontblog.azurewebsites.net/handling-the-perpetual-problem-re-time-spent-im/index.html]
[bigfontblog.azurewebsites.net/online-pilates-resources/index.html]
[bigfontblog.azurewebsites.net/content/images/2021/05/Screenshot-2021-05-18-102408-1.png]
[bigfontblog.azurewebsites.net/what-connection-string-do-we-use-to-connect-the-azure-cosmos-db-data-migration-tool-to-the-cosmos-db-emulator/index.html]
[bigfontblog.azurewebsites.net/list-all-the-keyboard-shortcuts-that-are-available-in-powershell/index.html]
[code.jquery.com/jquery-3.2.1.min.js]
[bigfontblog.azurewebsites.net/find-your-business-in-british-columbia-by-business-number/index.html]
[bigfontblog.azurewebsites.net/devops-praxis/index.html]
[bigfontblog.azurewebsites.net/assets/built/jquery.fitvidsc03d.js]
[bigfontblog.azurewebsites.net/getenumerator-and-getasyncenumerator-both-return-a-new-instance-of-an-enumerator/index.html]
[bigfontblog.azurewebsites.net/install-and-use-stylecop-in-a-net-or-net-core-project-from-the-command-line/index.html]
[bigfontblog.azurewebsites.net/assets/built/infinitescrollc03d.js]
[bigfontblog.azurewebsites.net/index.html]
[bigfontblog.azurewebsites.net/assets/built/screenc03d.css]
[bigfont.ca/content/images/2020/11/garden-P1014289-small.html]
[bigfontblog.azurewebsites.net/content/images/2016/10/business_casual_cropped_square.jpg]
[bigfontblog.azurewebsites.net/content/images/2020/11/garden-P1014289-small.jpg]
[bigfontblog.azurewebsites.net/about/index.html]
[bigfont.ca/content/images/2021/02/2020_12_21_snow-at-cafe-small.html]
[bigfontblog.azurewebsites.net/content/images/2021/02/2020_12_21_snow-at-cafe-small.jpg]
[bigfontblog.azurewebsites.net/work-bibliography/index.html]
[bigfontblog.azurewebsites.net/i-have-started-formatting-code-locally-with-csharpier-for-my-own-read-mode-during-local-development/index.html]
[bigfontblog.azurewebsites.net/author/shaun/index.html]
[bigfont.ca/content/images/2022/08/drawing_circa_july_2022.html]
[bigfontblog.azurewebsites.net/tag/powershell/index.html]
[bigfontblog.azurewebsites.net/avoid-leaving-powershell-side-effects-on-the-pipeline/index.html]
[bigfont.ca/content/images/2022/08/image.html]
[bigfont.ca/content/images/2022/04/image.png]
[bigfontblog.azurewebsites.net/reducing-the-chance-of-tcp-port-exhaustion-on-a-windows-server/index.html]
[bigfont.ca/content/images/2022/04/image-1.html]
[bigfont.ca/content/images/2022/04/219787656_571590897338872_541651510636316.html]
[bigfontblog.azurewebsites.net/copy-large-files-over-a-windows-remote-desktop-connection/index.html]
[bigfontblog.azurewebsites.net/what-kinds-of-mental-health-psychology-and-counselling-practitioners-exists-in-canada/index.html]
[bigfont.ca/content/images/2022/04/Drive-Redirection.html]
[bigfontblog.azurewebsites.net/championing-psychological-health-and-safety-as-an-individual-contributor-at-the-workplace/index.html]
[bigfontblog.azurewebsites.net/tag/windows/index.html]
[bigfontblog.azurewebsites.net/list-tcp-connections-for-process/index.html]
[bigfontblog.azurewebsites.net/push-and-pull-files-between-windows-10-and-wsl2-file-systems-with-git/index.html]
[bigfontblog.azurewebsites.net/starting-with-wsl-2/index.html]
[bigfont.ca/content/images/2022/01/image.html]
[bigfontblog.azurewebsites.net/to-pieces-of-incredibly-useful-and-free-screen-capture-software/index.html]
[bigfont.ca/content/images/2022/01/image-1.html]
[bigfontblog.azurewebsites.net/tag/dotnet-core/index.html]
[bigfontblog.azurewebsites.net/attach-vs-code-to-dotnet-test/index.html]
[bigfontblog.azurewebsites.net/the-spiral-software-development-lifecycle-or-how-to-spiral-into-control/index.html]
[bigfont.ca/content/images/2021/12/geograph-4453746-by-Kenneth--Allen.jpg]
[bigfont.ca/content/images/2022/01/image-2.html]
[bigfontblog.azurewebsites.net/dotnet-watch-run-usage-examples/index.html]
[bigfontblog.azurewebsites.net/dotnet-restore-without-an-internet-connection/index.html]
[bigfontblog.azurewebsites.net/net-core-what-do-all-the-versions-mean/index.html]
[bigfontblog.azurewebsites.net/task-on-a-dark-night-find-a-ball-that-fell-into-a-pothole-in-a-road-that-has-several-potholes/index.html]
[bigfont.ca/content/images/2021/11/photograph-of-mx-shaun-luttin-2.jpg]
[bigfontblog.azurewebsites.net/tag/software-development/index.html]
[bigfontblog.azurewebsites.net/when-using-typescript-and-streams/index.html]
[bigfontblog.azurewebsites.net/parse-jest-json-test-output-with-jq/index.html]
[bigfontblog.azurewebsites.net/he-they-from-my-perspective-as-a-middle-aged-privileged-white-male-in-western-canada/index.html]
[bigfontblog.azurewebsites.net/enable-long-paths-in-windows-with-powershell/index.html]
[bigfontblog.azurewebsites.net/tag/life/index.html]
[bigfont.ca/content/images/2021/08/WIN_20210813_19_06_55_Pro.html]
[bigfontblog.azurewebsites.net/determine-whether-two-c-builds-result-in-binaries-that-a-functionally-identical-within-reasonable-limits/index.html]
[bigfontblog.azurewebsites.net/how-i-do-salary-negotiation-as-an-employee/index.html]
[bigfontblog.azurewebsites.net/how-to-release-a-locked-port-in-windows-from-powershell/index.html]
[bigfontblog.azurewebsites.net/run-a-specific-vs-code-launch-configuration-from-the-command-palette/index.html]
[bigfontblog.azurewebsites.net/for-me-a-quality-code-base-is-not-about-the-craft-its-about-long-term-feature-delivery-velocity/index.html]
[bigfont.ca/content/images/2021/07/image.html]
[bigfont.ca/content/images/2021/06/frc-perspective-sky.html]
[bigfontblog.azurewebsites.net/tag/soft-skills/index.html]
[bigfontblog.azurewebsites.net/handling-the-perpetual-problem-re-time-spent-im/index.html]
[platform.twitter.com/widgets.js]
[bigfontblog.azurewebsites.net/online-pilates-resources/index.html]
[bigfont.ca/content/images/2021/06/image-1.html]
[docs.microsoft.com/en-us/media/logos/logo-ms-social.png]
[bigfontblog.azurewebsites.net/what-connection-string-do-we-use-to-connect-the-azure-cosmos-db-data-migration-tool-to-the-cosmos-db-emulator/index.html]
[bigfontblog.azurewebsites.net/what-if-the-team-makes-a-bad-decision-despite-advice-to-the-contrary/index.html]
[bigfontblog.azurewebsites.net/seven-magic-tricks-for-a-successful-software-development-career/index.html]
[bigfont.ca/content/images/2021/05/Screenshot-2021-05-18-102408-1.html]
[bigfontblog.azurewebsites.net/list-all-the-keyboard-shortcuts-that-are-available-in-powershell/index.html]
[bigfontblog.azurewebsites.net/devops-praxis/index.html]
[orgbook.gov.bc.ca/assets/bootstrap/bcid-apple-touch-icon.html]
[dev.orgbook.gov.bc.ca/assets/card-image.html]
[bigfontblog.azurewebsites.net/find-your-business-in-british-columbia-by-business-number/index.html]
[bigfontblog.azurewebsites.net/getenumerator-and-getasyncenumerator-both-return-a-new-instance-of-an-enumerator/index.html]
[bigfontblog.azurewebsites.net/tag/c/index.html]
[bigfontblog.azurewebsites.net/what-was-it-like-working-a-four-day-work-week-for-two-and-a-half-years/index.html]
[bigfontblog.azurewebsites.net/content/images/2021/03/work-chores-recreation-3.png]
[bigfontblog.azurewebsites.net/install-and-use-stylecop-in-a-net-or-net-core-project-from-the-command-line/index.html]
[bigfont.ca/content/images/2020/11/backblue.html]
[bigfont.ca/content/images/2020/11/fade.html]
[bigfont.ca/content/images/2020/11/bigfont.ca/index.html]
[bigfont.ca/content/images/2020/11/muddlingthru.ca/index.html]
[bigfont.ca/content/images/2020/11/garden-P1014289-small.html]
[bigfont.ca/content/images/2020/11/socialarts.club/index.html]
[bigfont.ca/content/images/2021/02/backblue.html]
[bigfont.ca/content/images/2021/02/fade.html]
[bigfont.ca/content/images/2021/02/bigfont.ca/index.html]
[bigfont.ca/content/images/2021/02/muddlingthru.ca/index.html]
[bigfont.ca/content/images/2021/02/2020_12_21_snow-at-cafe-small.html]
[bigfont.ca/content/images/2021/02/socialarts.club/index.html]
[bigfont.ca/content/images/2022/08/backblue.html]
[bigfont.ca/content/images/2022/08/fade.html]
[bigfont.ca/content/images/2022/08/bigfont.ca/index.html]
[bigfont.ca/content/images/2022/08/muddlingthru.ca/index.html]
[bigfont.ca/content/images/2022/08/drawing_circa_july_2022.html]
[bigfont.ca/content/images/2022/08/socialarts.club/index.html]
[bigfontblog.azurewebsites.net/powershell-insert-a-space-between-seach-capital-letter-pascalcase-pascal-case/index.html]
[bigfontblog.azurewebsites.net/content/images/2018/03/moose-cropped.jpg]
[bigfontblog.azurewebsites.net/capitalize-all-files-in-a-directory/index.html]
[bigfontblog.azurewebsites.net/trim-trailing-whitespace-from-all-files-in-a-directory/index.html]
[bigfontblog.azurewebsites.net/permanently-modify-sytem-path-from-powershell/index.html]
[bigfontblog.azurewebsites.net/powershell-trim-trailing-whitespace-from-all-files-recursively/index.html]
[bigfontblog.azurewebsites.net/content/images/2017/09/working-1.jpg]
[bigfontblog.azurewebsites.net/tag/powershell/index.html]
[bigfont.ca/content/images/2022/08/image.html]
[bigfont.ca/content/images/2022/04/backblue.html]
[bigfont.ca/content/images/2022/04/fade.html]
[bigfontblog.azurewebsites.net/use-powershell-to-check-for-buildoptions-in-all-project-json-files/index.html]
[bigfont.ca/content/images/2022/04/bigfont.ca/index.html]
[bigfont.ca/content/images/2022/04/muddlingthru.ca/index.html]
[bigfont.ca/content/images/2022/04/image-1.html]
[bigfont.ca/content/images/2022/04/219787656_571590897338872_541651510636316.html]
[bigfont.ca/content/images/2022/04/socialarts.club/index.html]
[bigfontblog.azurewebsites.net/content/images/2021/01/integration-composting.jpg]
[bigfontblog.azurewebsites.net/content/images/2020/02/Ugandan_defassa_waterbuck_-Kobus_ellipsiprymnus_defassa-_juvenile_male-1-2.jpg]
[bigfontblog.azurewebsites.net/content/images/2019/09/Capture.jpg]
[bigfontblog.azurewebsites.net/tag/windows/index.html]
[bigfont.ca/content/images/2022/04/Drive-Redirection.html]
[bigfont.ca/content/images/2021/01/integration-composting.html]
[bigfontblog.azurewebsites.net/fixing-the-surface-pro-4-internal-microphone-with-windows-10/index.html]
[bigfontblog.azurewebsites.net/windows-10-setup-first-steps/index.html]
[bigfontblog.azurewebsites.net/copy-to-clipboard-from-nodejs/index.html]
[bigfontblog.azurewebsites.net/install-node-npm-in-the-linux-subsystem-for-windows/index.html]
[bigfontblog.azurewebsites.net/tag/git/index.html]
[bigfontblog.azurewebsites.net/git-commits-per-day-for-author/index.html]
[bigfontblog.azurewebsites.net/use-git-large-file-storage-lfs-in-the-windows-subsystem-for-linux-wsl/index.html]
[bigfontblog.azurewebsites.net/content/images/2021/01/DSCF1209-small.jpg]
[bigfontblog.azurewebsites.net/push-and-pull-files-between-windows-10-and-wsl2-file-systems-with-git/index.html]
[bigfontblog.azurewebsites.net/consideration-for-introduce-automated-code-formatting-into-a-large-existing-net-code-base/index.html]
[bigfontblog.azurewebsites.net/these-are-git-commands/index.html]
[bigfont.ca/content/images/2020/02/Ugandan_defassa_waterbuck_-Kobus_ellipsiprymnus_defassa-_juvenile_male-1-2.html]
[bigfontblog.azurewebsites.net/social-skills-for-software-developers/index.html]
[bigfontblog.azurewebsites.net/content/images/2020/02/WIN_20200203_08_47_27_Pro.jpg]
[bigfontblog.azurewebsites.net/starting-with-wsl-2/index.html]
[bigfont.ca/content/images/2019/09/Capture.jpg]
[bigfontblog.azurewebsites.net/serve-php-files-from-the-command-line-in-windows/index.html]
[bigfontblog.azurewebsites.net/things-we-have-personally-done-about-the-climate-crisis-that-help-with-mitigation-adaptation-and-shifting-the-paradigm/index.html]
[bigfontblog.azurewebsites.net/content/images/2019/09/garden-P1014288.jpg]
[bigfontblog.azurewebsites.net/how-is-it-possible-that-the-default-implementations-of-haskells-bifunctor-first-and-second-compose/index.html]
[bigfontblog.azurewebsites.net/content/images/2019/09/WIN_20190913_14_31_37_Pro--3-.jpg]
[bigfontblog.azurewebsites.net/to-pieces-of-incredibly-useful-and-free-screen-capture-software/index.html]
[bigfontblog.azurewebsites.net/tag/dotnet-core/index.html]
[bigfont.ca/content/images/2022/01/backblue.html]
[bigfont.ca/content/images/2022/01/fade.html]
[bigfont.ca/content/images/2022/01/bigfont.ca/index.html]
[bigfont.ca/content/images/2022/01/muddlingthru.ca/index.html]
[bigfont.ca/content/images/2022/01/image.html]
[bigfont.ca/content/images/2022/01/image-1.html]
[bigfont.ca/content/images/2022/01/image-2.html]
[bigfontblog.azurewebsites.net/dotnet-watch-run-usage-examples/index.html]
[bigfontblog.azurewebsites.net/dotnet-restore-without-an-internet-connection/index.html]
[bigfontblog.azurewebsites.net/net-core-what-do-all-the-versions-mean/index.html]
[bigfont.ca/content/images/2022/01/socialarts.club/index.html]
[bigfontblog.azurewebsites.net/taghelper-structure/index.html]
[bigfontblog.azurewebsites.net/some-questions-from-a-bcit-ssd-program-grad/index.html]
[bigfontblog.azurewebsites.net/interactive-net-experiences-online/index.html]
[bigfontblog.azurewebsites.net/tag/dotnet/index.html]
[bigfontblog.azurewebsites.net/using-the-linux-subsystem-on-windows-10/index.html]
[bigfontblog.azurewebsites.net/local-functions-as-explanatory-variables/index.html]
[bigfontblog.azurewebsites.net/content/images/2020/10/DSCF1105-small.jpg]
[bigfontblog.azurewebsites.net/high-level-notes-on-azure-arm-templates/index.html]
[bigfontblog.azurewebsites.net/some-points-and-quotes-in-favor-of-trunk-based-development-taken-from-books-blogs-blikis/index.html]
[bigfontblog.azurewebsites.net/content/images/2019/06/pexels-photo-710796.jpg]
[bigfontblog.azurewebsites.net/at-what-point-does-a-professional-software-developer-need-to-say-no-instead-of-continuing-to-do-what-the-client-requires/index.html]
[bigfontblog.azurewebsites.net/content/images/2019/06/butler-993392_1920.jpg]
[bigfontblog.azurewebsites.net/a-short-guide-on-how-to-write-helpful-code-comments-written-by-someone-who-is-skeptical-of-the-value-of-code-comments/index.html]
[bigfontblog.azurewebsites.net/content/images/2019/06/my-standards.jpg]
[bigfontblog.azurewebsites.net/hypermedia-as-the-engine-of-application-state-hateoas/index.html]
[bigfontblog.azurewebsites.net/a-spreadsheet-with-a-priority-queue-might-be-the-least-expensive-and-most-effective-way-to-build-software-rapidly/index.html]
[bigfontblog.azurewebsites.net/content/images/2019/05/ratchet-long.jpg]
[bigfontblog.azurewebsites.net/filter-undefined-and-null-values-from-an-array-while-still-satisfying-typescripts-strict-mode/index.html]
[bigfontblog.azurewebsites.net/notes-on-joel-spolskys-blog-post-on-character-encodings/index.html]
[bigfontblog.azurewebsites.net/content/images/2018/08/europa-1185800_1920.jpg]
[bigfontblog.azurewebsites.net/pair-documenting-might-produce-higher-quality-documentation/index.html]
[bigfontblog.azurewebsites.net/typescript-constructor-parameters/index.html]
[bigfontblog.azurewebsites.net/searching-with-git/index.html]
[bigfontblog.azurewebsites.net/architecting-large-scale-systems/index.html]
[bigfontblog.azurewebsites.net/content/images/2017/07/skydiving.jpg]
[bigfontblog.azurewebsites.net/software-testing-strategies/index.html]
[bigfontblog.azurewebsites.net/the-classic-mistake-of-keeping-a-throwaway-prototype/index.html]
[bigfontblog.azurewebsites.net/how-to-name-boolean-returning-functions-and-methods/index.html]
[bigfontblog.azurewebsites.net/some-career-related-ultimate-goals-for-2017/index.html]
[bigfontblog.azurewebsites.net/content/images/2017/01/bench-in-the-forest.jpg]
[bigfontblog.azurewebsites.net/tag/software-development/index.html]
[bigfont.ca/content/images/2020/10/DSCF1105-small.jpg]
[bigfontblog.azurewebsites.net/tag/typescript/index.html]
[bigfontblog.azurewebsites.net/what-does-keyof-t-do-at-the-end-of-a-type-declaration/index.html]
[bigfontblog.azurewebsites.net/data-transfer-object-wrapper/index.html]
[bigfontblog.azurewebsites.net/content/images/2020/11/aug-2020-new-compost-small.jpg]
[bigfontblog.azurewebsites.net/finding-an-a-employer/index.html]
[bigfontblog.azurewebsites.net/my-answers-to-common-interview-questions/index.html]
[bigfontblog.azurewebsites.net/content/images/2020/10/outdoor-office-home-small.jpg]
[bigfontblog.azurewebsites.net/when-using-typescript-and-streams/index.html]
[bigfontblog.azurewebsites.net/vscode-markdown-highlighting-in-js-comments/index.html]
[bigfontblog.azurewebsites.net/content/images/2019/12/image-8.png]
[bigfontblog.azurewebsites.net/content/images/2019/11/1024px-Bull_moose_growing_new_antlers_and_shedding_fur.jpg]
[bigfontblog.azurewebsites.net/parse-jest-json-test-output-with-jq/index.html]
[bigfontblog.azurewebsites.net/tag/life/index.html]
[bigfont.ca/content/images/2021/08/backblue.html]
[bigfont.ca/content/images/2021/08/fade.html]
[bigfont.ca/content/images/2021/08/bigfont.ca/index.html]
[bigfont.ca/content/images/2021/08/muddlingthru.ca/index.html]
[bigfont.ca/content/images/2021/08/WIN_20210813_19_06_55_Pro.html]
[bigfont.ca/content/images/2021/08/socialarts.club/index.html]
[bigfont.ca/content/images/2021/07/backblue.html]
[bigfont.ca/content/images/2021/07/fade.html]
[bigfont.ca/content/images/2021/07/bigfont.ca/index.html]
[bigfont.ca/content/images/2021/07/muddlingthru.ca/index.html]
[bigfont.ca/content/images/2021/07/image.html]
[bigfont.ca/content/images/2021/07/socialarts.club/index.html]
[bigfont.ca/content/images/2021/06/backblue.html]
[bigfont.ca/content/images/2021/06/fade.html]
[bigfont.ca/content/images/2021/06/bigfont.ca/index.html]
[bigfont.ca/content/images/2021/06/muddlingthru.ca/index.html]
[bigfont.ca/content/images/2021/06/frc-perspective-sky.html]
[bigfont.ca/content/images/2021/06/socialarts.club/index.html]
[bigfontblog.azurewebsites.net/content/images/2017/09/desk.jpg]
[bigfontblog.azurewebsites.net/tag/soft-skills/index.html]
[bigfontblog.azurewebsites.net/what-if-the-team-makes-a-bad-decision-despite-advice-to-the-contrary/index.html]
[bigfont.ca/content/images/2017/09/desk.html]
[bigfontblog.azurewebsites.net/tag/software-dev/index.html]
[bigfontblog.azurewebsites.net/content/images/size/w2000/2017/09/desk.jpg]
[bigfontblog.azurewebsites.net/tag/presentations/index.html]
[bigfontblog.azurewebsites.net/when-do-we-add-comments-to-our-code/index.html]
[bigfontblog.azurewebsites.net/content/images/2017/09/garden.jpg]
[bigfontblog.azurewebsites.net/seven-magic-tricks-for-a-successful-software-development-career/index.html]
[bigfont.ca/content/images/2021/06/image-1.html]
[bigfont.ca/content/images/2021/05/backblue.html]
[bigfont.ca/content/images/2021/05/fade.html]
[bigfont.ca/content/images/2021/05/bigfont.ca/index.html]
[bigfont.ca/content/images/2021/05/muddlingthru.ca/index.html]
[bigfont.ca/content/images/2021/05/Screenshot-2021-05-18-102408-1.html]
[bigfont.ca/content/images/2021/05/socialarts.club/index.html]
[orgbook.gov.bc.ca/css/about.5062d5ef.css]
[orgbook.gov.bc.ca/css/contact.06ae35e5.css]
[orgbook.gov.bc.ca/css/contact_credential_entity.ab14e941.css]
[orgbook.gov.bc.ca/css/contact_credential_entity_search-result.edd69f39.css]
[orgbook.gov.bc.ca/css/credential.063ffbad.css]
[orgbook.gov.bc.ca/css/entity.3ab272a0.css]
[orgbook.gov.bc.ca/css/search-result.a999c0ec.css]
[orgbook.gov.bc.ca/js/about.e24dccf2.js]
[orgbook.gov.bc.ca/js/contact.0b516d2b.js]
[orgbook.gov.bc.ca/js/contact_credential_entity.94611cb1.js]
[orgbook.gov.bc.ca/js/contact_credential_entity_search-result.522614bb.js]
[orgbook.gov.bc.ca/js/credential.adbe37d7.js]
[orgbook.gov.bc.ca/js/entity.00a08a6d.js]
[orgbook.gov.bc.ca/js/search-result.88da5cdc.js]
[orgbook.gov.bc.ca/css/app.cd02cfd1.css]
[orgbook.gov.bc.ca/css/chunk-vendors.ed8148e3.css]
[orgbook.gov.bc.ca/js/app.f33608b2.js]
[orgbook.gov.bc.ca/js/chunk-vendors.aca5a58b.js]
[orgbook.gov.bc.ca/img/icons/favicon-32x32.png]
[orgbook.gov.bc.ca/img/icons/favicon-16x16.png]
[orgbook.gov.bc.ca/img/icons/apple-touch-icon-152x152.png]
[orgbook.gov.bc.ca/img/icons/msapplication-icon-144x144.png]
[orgbook.gov.bc.ca/assets/bootstrap/bcid-apple-touch-icon.html]
[dev.orgbook.gov.bc.ca/css/about.5062d5ef.css]
[dev.orgbook.gov.bc.ca/css/contact.06ae35e5.css]
[dev.orgbook.gov.bc.ca/css/contact_credential_entity.ab14e941.css]
[dev.orgbook.gov.bc.ca/css/contact_credential_entity_search-result.edd69f39.css]
[dev.orgbook.gov.bc.ca/css/credential.063ffbad.css]
[dev.orgbook.gov.bc.ca/css/entity.3ab272a0.css]
[dev.orgbook.gov.bc.ca/css/search-result.a999c0ec.css]
[dev.orgbook.gov.bc.ca/js/about.e24dccf2.js]
[dev.orgbook.gov.bc.ca/js/contact.0b516d2b.js]
[dev.orgbook.gov.bc.ca/js/contact_credential_entity.94611cb1.js]
[dev.orgbook.gov.bc.ca/js/contact_credential_entity_search-result.522614bb.js]
[dev.orgbook.gov.bc.ca/js/credential.adbe37d7.js]
[dev.orgbook.gov.bc.ca/js/entity.00a08a6d.js]
[dev.orgbook.gov.bc.ca/js/search-result.88da5cdc.js]
[dev.orgbook.gov.bc.ca/css/app.cd02cfd1.css]
[dev.orgbook.gov.bc.ca/css/chunk-vendors.ed8148e3.css]
[dev.orgbook.gov.bc.ca/js/app.f33608b2.js]
[dev.orgbook.gov.bc.ca/js/chunk-vendors.aca5a58b.js]
[dev.orgbook.gov.bc.ca/img/icons/favicon-32x32.png]
[dev.orgbook.gov.bc.ca/img/icons/favicon-16x16.png]
[dev.orgbook.gov.bc.ca/img/icons/apple-touch-icon-152x152.png]
[dev.orgbook.gov.bc.ca/img/icons/msapplication-icon-144x144.png]
[dev.orgbook.gov.bc.ca/assets/card-image.html]
[bigfontblog.azurewebsites.net/what-is-a-net-mutex/index.html]
[bigfontblog.azurewebsites.net/resharper-exclude-all-c-projects-from-analysis/index.html]
[bigfontblog.azurewebsites.net/content/images/2018/05/lock-1.jpg]
[bigfontblog.azurewebsites.net/resharper-from-the-command-line/index.html]
[bigfontblog.azurewebsites.net/content/images/2017/12/Capture-7.png]
[bigfontblog.azurewebsites.net/vim-with-csharp-dotnet-and-omnisharp-on-windows/index.html]
[bigfontblog.azurewebsites.net/content/images/2017/02/Capture-1.png]
[bigfontblog.azurewebsites.net/tag/c/index.html]
[bigfont.ca/content/images/2021/03/work-chores-recreation-3.html]
[bigfontblog.azurewebsites.net/what-was-it-like-working-a-four-day-work-week-for-two-and-a-half-years/index.html]
[bigfont.ca/content/images/2020/11/backblue.html]
[bigfont.ca/content/images/2020/11/fade.html]
[bigfontblog.azurewebsites.net/debug-an-iis-express-web-application-from-vs-code/index.html]
[bigfont.ca/content/images/2020/11/bigfont.ca/backblue.html]
[bigfont.ca/content/images/2020/11/bigfont.ca/fade.html]
[bigfont.ca/content/images/2020/11/bigfont.ca/bigfont.ca/index.html]
[bigfont.ca/content/images/2020/11/bigfont.ca/muddlingthru.ca/index.html]
[bigfont.ca/content/images/2020/11/bigfont.ca/index.html]
[bigfont.ca/content/images/2020/11/bigfont.ca/socialarts.club/index.html]
[bigfont.ca/content/images/2020/11/muddlingthru.ca/backblue.html]
[bigfont.ca/content/images/2020/11/muddlingthru.ca/fade.html]
[bigfont.ca/content/images/2020/11/muddlingthru.ca/bigfont.ca/index.html]
[bigfont.ca/content/images/2020/11/muddlingthru.ca/muddlingthru.ca/index.html]
[bigfont.ca/content/images/2020/11/muddlingthru.ca/index.html]
[bigfont.ca/content/images/2020/11/muddlingthru.ca/socialarts.club/index.html]
[bigfont.ca/content/images/2020/11/socialarts.club/backblue.html]
[bigfont.ca/content/images/2020/11/socialarts.club/fade.html]
[bigfont.ca/content/images/2020/11/socialarts.club/bigfont.ca/index.html]
[bigfont.ca/content/images/2020/11/socialarts.club/muddlingthru.ca/index.html]
[bigfont.ca/content/images/2020/11/socialarts.club/index.html]
[bigfont.ca/content/images/2021/02/backblue.html]
[bigfont.ca/content/images/2021/02/fade.html]
[bigfont.ca/content/images/2020/11/socialarts.club/socialarts.club/index.html]
[bigfont.ca/content/images/2021/02/bigfont.ca/backblue.html]
[bigfont.ca/content/images/2021/02/bigfont.ca/fade.html]
[bigfont.ca/content/images/2021/02/bigfont.ca/bigfont.ca/index.html]
[bigfont.ca/content/images/2021/02/bigfont.ca/muddlingthru.ca/index.html]
[bigfont.ca/content/images/2021/02/bigfont.ca/index.html]
[bigfont.ca/content/images/2021/02/bigfont.ca/socialarts.club/index.html]
[bigfont.ca/content/images/2021/02/muddlingthru.ca/backblue.html]
[bigfont.ca/content/images/2021/02/muddlingthru.ca/fade.html]
[bigfont.ca/content/images/2021/02/muddlingthru.ca/bigfont.ca/index.html]
[bigfont.ca/content/images/2021/02/muddlingthru.ca/muddlingthru.ca/index.html]
[bigfont.ca/content/images/2021/02/muddlingthru.ca/index.html]
[bigfont.ca/content/images/2021/02/muddlingthru.ca/socialarts.club/index.html]
[bigfont.ca/content/images/2021/02/socialarts.club/backblue.html]
[bigfont.ca/content/images/2021/02/socialarts.club/fade.html]
[bigfont.ca/content/images/2021/02/socialarts.club/bigfont.ca/index.html]
[bigfont.ca/content/images/2021/02/socialarts.club/muddlingthru.ca/index.html]
[bigfont.ca/content/images/2021/02/socialarts.club/index.html]
[bigfont.ca/content/images/2022/08/backblue.html]
[bigfont.ca/content/images/2022/08/fade.html]
[bigfont.ca/content/images/2021/02/socialarts.club/socialarts.club/index.html]
[bigfont.ca/content/images/2022/08/bigfont.ca/backblue.html]
[bigfont.ca/content/images/2022/08/bigfont.ca/fade.html]
[bigfont.ca/content/images/2022/08/bigfont.ca/bigfont.ca/index.html]
[bigfont.ca/content/images/2022/08/bigfont.ca/muddlingthru.ca/index.html]
[bigfont.ca/content/images/2022/08/bigfont.ca/index.html]
[bigfont.ca/content/images/2022/08/bigfont.ca/socialarts.club/index.html]
[bigfont.ca/content/images/2022/08/muddlingthru.ca/backblue.html]
[bigfont.ca/content/images/2022/08/muddlingthru.ca/bigfont.ca/index.html]
[bigfont.ca/content/images/2022/08/muddlingthru.ca/muddlingthru.ca/index.html]
[bigfont.ca/content/images/2022/08/muddlingthru.ca/index.html]
[bigfont.ca/content/images/2022/08/muddlingthru.ca/socialarts.club/index.html]
[bigfont.ca/content/images/2022/08/socialarts.club/backblue.html]
[bigfont.ca/content/images/2022/08/socialarts.club/fade.html]
[bigfont.ca/content/images/2022/08/socialarts.club/bigfont.ca/index.html]
[bigfont.ca/content/images/2022/08/socialarts.club/muddlingthru.ca/index.html]
[bigfont.ca/content/images/2022/08/socialarts.club/index.html]
[bigfontblog.azurewebsites.net/powershell-insert-a-space-between-seach-capital-letter-pascalcase-pascal-case/index.html]
[bigfont.ca/content/images/2022/08/socialarts.club/socialarts.club/index.html]
[bigfontblog.azurewebsites.net/high-level-notes-on-font-face-in-css/index.html]
[bigfontblog.azurewebsites.net/content/images/2018/10/Capture.jpg]
[bigfontblog.azurewebsites.net/capitalize-all-files-in-a-directory/index.html]
[bigfont.ca/content/images/2018/03/moose-cropped.html]
[bigfontblog.azurewebsites.net/error-handling-with-an-either-type-in-typescript/index.html]
[bigfontblog.azurewebsites.net/content/images/size/w2000/2018/03/moose-cropped.jpg]
[bigfontblog.azurewebsites.net/trim-trailing-whitespace-from-all-files-in-a-directory/index.html]
[bigfontblog.azurewebsites.net/permanently-modify-sytem-path-from-powershell/index.html]
[bigfont.ca/content/images/2017/09/working-1.html]
[bigfontblog.azurewebsites.net/use-msbuild-and-or-vstest-from-the-command-line-to-run-unit-tests/index.html]
[bigfontblog.azurewebsites.net/a-simple-example-of-using-observable-in-fsharp/index.html]
[bigfontblog.azurewebsites.net/content/images/size/w2000/2017/09/working-1.jpg]
[bigfontblog.azurewebsites.net/expose-kestrel-directly-to-the-internet/index.html]
[bigfontblog.azurewebsites.net/content/images/2017/09/Capture-6.png]
[bigfontblog.azurewebsites.net/powershell-trim-trailing-whitespace-from-all-files-recursively/index.html]
[bigfontblog.azurewebsites.net/use-powershell-to-check-for-buildoptions-in-all-project-json-files/index.html]
[bigfont.ca/content/images/2022/04/backblue.html]
[bigfont.ca/content/images/2022/04/fade.html]
[bigfontblog.azurewebsites.net/tag/asp-net-core/index.html]
[bigfontblog.azurewebsites.net/ubuntu-16-in-hyper-v-on-windows-10-with-net-core/index.html]
[bigfontblog.azurewebsites.net/attribute-info-is-missing-when-running-from-an-azure-web-app-but-not-from-iis-express/index.html]
[bigfontblog.azurewebsites.net/rename-symbol-vs-change-all-occurance/index.html]
[bigfontblog.azurewebsites.net/use-async-around-a-method-that-has-nothing-to-await/index.html]
[bigfont.ca/content/images/2022/04/bigfont.ca/backblue.html]
[bigfont.ca/content/images/2022/04/bigfont.ca/fade.html]
[bigfont.ca/content/images/2022/04/bigfont.ca/bigfont.ca/index.html]
[bigfont.ca/content/images/2022/04/bigfont.ca/muddlingthru.ca/index.html]
[bigfont.ca/content/images/2022/04/bigfont.ca/index.html]
[bigfont.ca/content/images/2022/04/bigfont.ca/socialarts.club/index.html]
[bigfont.ca/content/images/2022/04/muddlingthru.ca/backblue.html]
[bigfont.ca/content/images/2022/04/muddlingthru.ca/fade.html]
[bigfont.ca/content/images/2022/04/muddlingthru.ca/bigfont.ca/index.html]
[bigfont.ca/content/images/2022/04/muddlingthru.ca/muddlingthru.ca/index.html]
[bigfont.ca/content/images/2022/04/muddlingthru.ca/index.html]
[bigfont.ca/content/images/2022/04/muddlingthru.ca/socialarts.club/index.html]
[bigfont.ca/content/images/2022/04/socialarts.club/backblue.html]
[bigfont.ca/content/images/2022/04/socialarts.club/fade.html]
[bigfont.ca/content/images/2022/04/socialarts.club/bigfont.ca/index.html]
[bigfont.ca/content/images/2022/04/socialarts.club/muddlingthru.ca/index.html]
[bigfont.ca/content/images/2022/04/socialarts.club/index.html]
[bigfont.ca/content/images/2022/04/socialarts.club/socialarts.club/index.html]
[bigfont.ca/content/images/2018/01/Capture-4.png]
[bigfont.ca/content/images/2018/01/Capture-3.html]
[bigfont.ca/content/images/2018/01/Capture-2.png]
[bigfont.ca/content/images/2018/01/Capture.png]
[bigfontblog.azurewebsites.net/windows-10-setup-first-steps/index.html]
[bigfontblog.azurewebsites.net/tag/windows-10/index.html]
[bigfont.ca/content/images/2017/11/Capture-5.png]
[bigfont.ca/content/images/2017/11/Capture-1-2.html]
[bigfontblog.azurewebsites.net/some-more-career-related-ultimate-goals/index.html]
[bigfontblog.azurewebsites.net/starting-htbox-allready-web-app-development-2/index.html]
[bigfontblog.azurewebsites.net/our-favorite-keyboard-shortcuts/index.html]
[bigfontblog.azurewebsites.net/what-do-you-mean-when-you-say-jwt/index.html]
[bigfontblog.azurewebsites.net/content/images/2017/10/id-vs-key.png]
[bigfontblog.azurewebsites.net/fixing-the-surface-pro-4-internal-microphone-with-windows-10/index.html]
[bigfontblog.azurewebsites.net/copy-to-clipboard-from-nodejs/index.html]
[bigfontblog.azurewebsites.net/install-node-npm-in-the-linux-subsystem-for-windows/index.html]
[bigfont.ca/content/images/2021/01/backblue.html]
[bigfontblog.azurewebsites.net/tag/nodejs/index.html]
[bigfontblog.azurewebsites.net/import-m-require-module-vs-import-as-m-from-module/index.html]
[bigfont.ca/content/images/2021/01/fade.html]
[bigfontblog.azurewebsites.net/tag/linux/index.html]
[bigfontblog.azurewebsites.net/using-graphical-user-interfaces-in-wsl2/index.html]
[bigfontblog.azurewebsites.net/practical-tips-on-using-the-linux-subsystem-on-windows/index.html]
[bigfont.ca/content/images/2021/01/bigfont.ca/index.html]
[bigfontblog.azurewebsites.net/do-not-put-console-log-into-version-control-or-production/index.html]
[bigfont.ca/content/images/2021/01/muddlingthru.ca/index.html]
[bigfont.ca/content/images/2021/01/integration-composting.html]
[bigfont.ca/content/images/2021/01/socialarts.club/index.html]
[bigfontblog.azurewebsites.net/content/images/2019/09/halloween-occult-halloween-costume-wallpaper-preview.jpg]
[bigfontblog.azurewebsites.net/git-rebase-a-range-of-commits-starting-a-head-onto-a-new-base/index.html]
[bigfontblog.azurewebsites.net/content/images/2017/09/bicycle.jpg]
[bigfontblog.azurewebsites.net/git-list-the-files-you-have-worked-on-in-the-last-week/index.html]
[bigfontblog.azurewebsites.net/change-the-base-of-a-topic-branch/index.html]
[bigfontblog.azurewebsites.net/how-we-do-code-review-at-bigfont/index.html]
[bigfontblog.azurewebsites.net/update-a-forked-github-repository-from-its-source/index.html]
[bigfontblog.azurewebsites.net/content/images/2017/11/P1013661-square.jpg]
[bigfontblog.azurewebsites.net/tag/git/index.html]
[bigfont.ca/content/images/2021/01/DSCF1209-small.html]
[bigfontblog.azurewebsites.net/list-git-branches-with-the-name-of-the-last-committer/index.html]
[bigfontblog.azurewebsites.net/git-clean-with-multiple-exclude-patterns/index.html]
[bigfontblog.azurewebsites.net/git-rebase-strategy-with-xours/index.html]
[bigfontblog.azurewebsites.net/git-commits-per-day-for-author/index.html]
[bigfont.ca/content/images/2019/11/1024px-Bull_moose_growing_new_antlers_and_shedding_fur.html]
[bigfontblog.azurewebsites.net/combine-sort-and-tail-with-git-to-view-the-most-changed-files/index.html]
[bigfontblog.azurewebsites.net/use-git-large-file-storage-lfs-in-the-windows-subsystem-for-linux-wsl/index.html]
[bigfontblog.azurewebsites.net/these-are-git-commands/index.html]
[bigfontblog.azurewebsites.net/consideration-for-introduce-automated-code-formatting-into-a-large-existing-net-code-base/index.html]
[bigfont.ca/content/images/2020/02/Ugandan_defassa_waterbuck_-Kobus_ellipsiprymnus_defassa-_juvenile_male-1-2.html]
[bigfontblog.azurewebsites.net/social-skills-for-software-developers/index.html]
[bigfontblog.azurewebsites.net/serve-php-files-from-the-command-line-in-windows/index.html]
[bigfontblog.azurewebsites.net/things-we-have-personally-done-about-the-climate-crisis-that-help-with-mitigation-adaptation-and-shifting-the-paradigm/index.html]
[bigfontblog.azurewebsites.net/how-is-it-possible-that-the-default-implementations-of-haskells-bifunctor-first-and-second-compose/index.html]
[bigfont.ca/content/images/2022/01/backblue.html]
[bigfont.ca/content/images/2022/01/fade.html]
[bigfont.ca/content/images/2022/01/bigfont.ca/index.html]
[bigfont.ca/content/images/2022/01/muddlingthru.ca/index.html]
[bigfont.ca/content/images/2022/01/socialarts.club/index.html]
[bigfontblog.azurewebsites.net/taghelper-structure/index.html]
[bigfontblog.azurewebsites.net/some-questions-from-a-bcit-ssd-program-grad/index.html]
[bigfontblog.azurewebsites.net/interactive-net-experiences-online/index.html]
[bigfontblog.azurewebsites.net/tag/dotnet/index.html]
[bigfontblog.azurewebsites.net/local-functions-as-explanatory-variables/index.html]
[bigfontblog.azurewebsites.net/using-the-linux-subsystem-on-windows-10/index.html]
[bigfontblog.azurewebsites.net/high-level-notes-on-azure-arm-templates/index.html]
[bigfontblog.azurewebsites.net/some-points-and-quotes-in-favor-of-trunk-based-development-taken-from-books-blogs-blikis/index.html]
[bigfontblog.azurewebsites.net/at-what-point-does-a-professional-software-developer-need-to-say-no-instead-of-continuing-to-do-what-the-client-requires/index.html]
[bigfontblog.azurewebsites.net/a-short-guide-on-how-to-write-helpful-code-comments-written-by-someone-who-is-skeptical-of-the-value-of-code-comments/index.html]
[bigfontblog.azurewebsites.net/hypermedia-as-the-engine-of-application-state-hateoas/index.html]
[bigfontblog.azurewebsites.net/a-spreadsheet-with-a-priority-queue-might-be-the-least-expensive-and-most-effective-way-to-build-software-rapidly/index.html]
[bigfontblog.azurewebsites.net/filter-undefined-and-null-values-from-an-array-while-still-satisfying-typescripts-strict-mode/index.html]
[bigfontblog.azurewebsites.net/notes-on-joel-spolskys-blog-post-on-character-encodings/index.html]
[bigfontblog.azurewebsites.net/pair-documenting-might-produce-higher-quality-documentation/index.html]
[bigfontblog.azurewebsites.net/typescript-constructor-parameters/index.html]
[bigfontblog.azurewebsites.net/searching-with-git/index.html]
[bigfontblog.azurewebsites.net/architecting-large-scale-systems/index.html]
[bigfontblog.azurewebsites.net/software-testing-strategies/index.html]
[bigfontblog.azurewebsites.net/the-classic-mistake-of-keeping-a-throwaway-prototype/index.html]
[bigfontblog.azurewebsites.net/how-to-name-boolean-returning-functions-and-methods/index.html]
[bigfontblog.azurewebsites.net/some-career-related-ultimate-goals-for-2017/index.html]
[bigfontblog.azurewebsites.net/tag/typescript/index.html]
[bigfontblog.azurewebsites.net/what-does-keyof-t-do-at-the-end-of-a-type-declaration/index.html]
[bigfontblog.azurewebsites.net/data-transfer-object-wrapper/index.html]
[bigfontblog.azurewebsites.net/finding-an-a-employer/index.html]
[bigfontblog.azurewebsites.net/my-answers-to-common-interview-questions/index.html]
[bigfontblog.azurewebsites.net/vscode-markdown-highlighting-in-js-comments/index.html]
[bigfont.ca/content/images/2021/08/backblue.html]
[bigfont.ca/content/images/2021/08/fade.html]
[bigfont.ca/content/images/2021/08/bigfont.ca/index.html]
[bigfont.ca/content/images/2021/08/muddlingthru.ca/index.html]
[bigfont.ca/content/images/2021/08/socialarts.club/index.html]
[bigfont.ca/content/images/2021/07/backblue.html]
[bigfont.ca/content/images/2021/07/fade.html]
[bigfont.ca/content/images/2021/07/bigfont.ca/index.html]
[bigfont.ca/content/images/2021/07/muddlingthru.ca/index.html]
[bigfont.ca/content/images/2021/07/socialarts.club/index.html]
[bigfont.ca/content/images/2021/06/backblue.html]
[bigfont.ca/content/images/2021/06/fade.html]
[bigfont.ca/content/images/2021/06/bigfont.ca/index.html]
[bigfont.ca/content/images/2021/06/muddlingthru.ca/index.html]
[bigfont.ca/content/images/2021/06/socialarts.club/index.html]
[bigfontblog.azurewebsites.net/tag/software-dev/index.html]
[bigfont.ca/content/images/2017/09/desk.html]
[bigfontblog.azurewebsites.net/tag/presentations/index.html]
[bigfontblog.azurewebsites.net/when-do-we-add-comments-to-our-code/index.html]
[bigfont.ca/content/images/2021/05/backblue.html]
[bigfont.ca/content/images/2021/05/fade.html]
[bigfont.ca/content/images/2021/05/bigfont.ca/index.html]
[bigfont.ca/content/images/2021/05/muddlingthru.ca/index.html]
[bigfont.ca/content/images/2021/05/socialarts.club/index.html]
[orgbook.gov.bc.ca/css/about.5062d5ef.css]
[orgbook.gov.bc.ca/css/contact.06ae35e5.css]
[orgbook.gov.bc.ca/css/contact_credential_entity.ab14e941.css]
[orgbook.gov.bc.ca/css/contact_credential_entity_search-result.edd69f39.css]
[orgbook.gov.bc.ca/css/credential.063ffbad.css]
[orgbook.gov.bc.ca/css/entity.3ab272a0.css]
[orgbook.gov.bc.ca/css/search-result.a999c0ec.css]
[orgbook.gov.bc.ca/css/app.cd02cfd1.css]
[orgbook.gov.bc.ca/css/chunk-vendors.ed8148e3.css]
[dev.orgbook.gov.bc.ca/css/about.5062d5ef.css]
[dev.orgbook.gov.bc.ca/css/contact.06ae35e5.css]
[dev.orgbook.gov.bc.ca/css/contact_credential_entity.ab14e941.css]
[dev.orgbook.gov.bc.ca/css/contact_credential_entity_search-result.edd69f39.css]
[dev.orgbook.gov.bc.ca/css/credential.063ffbad.css]
[dev.orgbook.gov.bc.ca/css/entity.3ab272a0.css]
[dev.orgbook.gov.bc.ca/css/search-result.a999c0ec.css]
[dev.orgbook.gov.bc.ca/css/app.cd02cfd1.css]
[dev.orgbook.gov.bc.ca/css/chunk-vendors.ed8148e3.css]
[bigfontblog.azurewebsites.net/resharper-exclude-all-c-projects-from-analysis/index.html]
[bigfontblog.azurewebsites.net/what-is-a-net-mutex/index.html]
[bigfontblog.azurewebsites.net/resharper-from-the-command-line/index.html]
[bigfontblog.azurewebsites.net/vim-with-csharp-dotnet-and-omnisharp-on-windows/index.html]
[bigfont.ca/content/images/2021/03/work-chores-recreation-3.html]
[bigfontblog.azurewebsites.net/debug-an-iis-express-web-application-from-vs-code/index.html]
[bigfont.ca/content/images/2020/11/bigfont.ca/backblue.html]
[bigfont.ca/content/images/2020/11/bigfont.ca/fade.html]
[bigfont.ca/content/images/2020/11/bigfont.ca/bigfont.ca/index.html]
[bigfont.ca/content/images/2020/11/bigfont.ca/muddlingthru.ca/index.html]
[bigfont.ca/content/images/2020/11/bigfont.ca/socialarts.club/index.html]
[bigfont.ca/content/images/2020/11/muddlingthru.ca/backblue.html]
[bigfont.ca/content/images/2020/11/muddlingthru.ca/fade.html]
[bigfont.ca/content/images/2020/11/muddlingthru.ca/bigfont.ca/index.html]
[bigfont.ca/content/images/2020/11/muddlingthru.ca/muddlingthru.ca/index.html]
[bigfont.ca/content/images/2020/11/muddlingthru.ca/socialarts.club/index.html]
[bigfont.ca/content/images/2020/11/socialarts.club/backblue.html]
[bigfont.ca/content/images/2020/11/socialarts.club/fade.html]
[bigfont.ca/content/images/2020/11/socialarts.club/bigfont.ca/index.html]
[bigfont.ca/content/images/2020/11/socialarts.club/muddlingthru.ca/index.html]
[bigfont.ca/content/images/2020/11/socialarts.club/socialarts.club/index.html]
[bigfont.ca/content/images/2021/02/bigfont.ca/backblue.html]
[bigfont.ca/content/images/2021/02/bigfont.ca/fade.html]
[bigfont.ca/content/images/2021/02/bigfont.ca/bigfont.ca/index.html]
[bigfont.ca/content/images/2021/02/bigfont.ca/muddlingthru.ca/index.html]
[bigfont.ca/content/images/2021/02/bigfont.ca/socialarts.club/index.html]
[bigfont.ca/content/images/2021/02/muddlingthru.ca/backblue.html]
[bigfont.ca/content/images/2021/02/muddlingthru.ca/fade.html]
[bigfont.ca/content/images/2021/02/muddlingthru.ca/bigfont.ca/index.html]
[bigfont.ca/content/images/2021/02/muddlingthru.ca/muddlingthru.ca/index.html]
[bigfont.ca/content/images/2021/02/muddlingthru.ca/socialarts.club/index.html]
[bigfont.ca/content/images/2021/02/socialarts.club/backblue.html]
[bigfont.ca/content/images/2021/02/socialarts.club/fade.html]
[bigfont.ca/content/images/2021/02/socialarts.club/bigfont.ca/index.html]
[bigfont.ca/content/images/2021/02/socialarts.club/muddlingthru.ca/index.html]
[bigfont.ca/content/images/2021/02/socialarts.club/socialarts.club/index.html]
[bigfont.ca/content/images/2022/08/bigfont.ca/backblue.html]
[bigfont.ca/content/images/2022/08/bigfont.ca/fade.html]
[bigfont.ca/content/images/2022/08/bigfont.ca/bigfont.ca/index.html]
[bigfont.ca/content/images/2022/08/bigfont.ca/muddlingthru.ca/index.html]
[bigfont.ca/content/images/2022/08/bigfont.ca/socialarts.club/index.html]
[bigfont.ca/content/images/2022/08/muddlingthru.ca/backblue.html]
[bigfont.ca/content/images/2022/08/muddlingthru.ca/fade.html]
[bigfont.ca/content/images/2022/08/muddlingthru.ca/bigfont.ca/index.html]
[bigfont.ca/content/images/2022/08/muddlingthru.ca/muddlingthru.ca/index.html]
[bigfont.ca/content/images/2022/08/muddlingthru.ca/socialarts.club/index.html]
[bigfont.ca/content/images/2022/08/socialarts.club/backblue.html]
[bigfont.ca/content/images/2022/08/socialarts.club/fade.html]
[bigfont.ca/content/images/2022/08/socialarts.club/bigfont.ca/index.html]
[bigfont.ca/content/images/2022/08/socialarts.club/muddlingthru.ca/index.html]
[bigfont.ca/content/images/2022/08/socialarts.club/socialarts.club/index.html]
[bigfontblog.azurewebsites.net/high-level-notes-on-font-face-in-css/index.html]
[bigfontblog.azurewebsites.net/error-handling-with-an-either-type-in-typescript/index.html]
[bigfont.ca/content/images/2018/03/moose-cropped.html]
[bigfontblog.azurewebsites.net/a-simple-example-of-using-observable-in-fsharp/index.html]
[bigfontblog.azurewebsites.net/use-msbuild-and-or-vstest-from-the-command-line-to-run-unit-tests/index.html]
[bigfont.ca/content/images/2017/09/working-1.html]
[bigfontblog.azurewebsites.net/expose-kestrel-directly-to-the-internet/index.html]
[bigfontblog.azurewebsites.net/tag/asp-net-core/index.html]
[bigfontblog.azurewebsites.net/ubuntu-16-in-hyper-v-on-windows-10-with-net-core/index.html]
[bigfontblog.azurewebsites.net/attribute-info-is-missing-when-running-from-an-azure-web-app-but-not-from-iis-express/index.html]
[bigfontblog.azurewebsites.net/rename-symbol-vs-change-all-occurance/index.html]
[bigfontblog.azurewebsites.net/use-async-around-a-method-that-has-nothing-to-await/index.html]
[bigfont.ca/content/images/2022/04/bigfont.ca/backblue.html]
[bigfont.ca/content/images/2022/04/bigfont.ca/fade.html]
[bigfont.ca/content/images/2022/04/bigfont.ca/bigfont.ca/index.html]
[bigfont.ca/content/images/2022/04/bigfont.ca/muddlingthru.ca/index.html]
[bigfont.ca/content/images/2022/04/bigfont.ca/socialarts.club/index.html]
[bigfont.ca/content/images/2022/04/muddlingthru.ca/backblue.html]
[bigfont.ca/content/images/2022/04/muddlingthru.ca/fade.html]
[bigfont.ca/content/images/2022/04/muddlingthru.ca/bigfont.ca/index.html]
[bigfont.ca/content/images/2022/04/muddlingthru.ca/muddlingthru.ca/index.html]
[bigfont.ca/content/images/2022/04/muddlingthru.ca/socialarts.club/index.html]
[bigfont.ca/content/images/2022/04/socialarts.club/backblue.html]
[bigfont.ca/content/images/2022/04/socialarts.club/fade.html]
[bigfont.ca/content/images/2022/04/socialarts.club/bigfont.ca/index.html]
[bigfont.ca/content/images/2022/04/socialarts.club/muddlingthru.ca/index.html]
[bigfont.ca/content/images/2022/04/socialarts.club/socialarts.club/index.html]
[bigfontblog.azurewebsites.net/tag/windows-10/index.html]
[bigfont.ca/content/images/2018/01/Capture-3.html]
[bigfontblog.azurewebsites.net/starting-htbox-allready-web-app-development-2/index.html]
[bigfontblog.azurewebsites.net/some-more-career-related-ultimate-goals/index.html]
[bigfont.ca/content/images/2017/11/Capture-1-2.html]
[bigfontblog.azurewebsites.net/our-favorite-keyboard-shortcuts/index.html]
[bigfontblog.azurewebsites.net/what-do-you-mean-when-you-say-jwt/index.html]
[bigfontblog.azurewebsites.net/tag/nodejs/index.html]
[bigfontblog.azurewebsites.net/import-m-require-module-vs-import-as-m-from-module/index.html]
[bigfontblog.azurewebsites.net/tag/linux/index.html]
[bigfontblog.azurewebsites.net/using-graphical-user-interfaces-in-wsl2/index.html]
[bigfontblog.azurewebsites.net/practical-tips-on-using-the-linux-subsystem-on-windows/index.html]
[bigfontblog.azurewebsites.net/do-not-put-console-log-into-version-control-or-production/index.html]
[bigfont.ca/content/images/2021/01/backblue.html]
[bigfont.ca/content/images/2021/01/fade.html]
[bigfont.ca/content/images/2021/01/bigfont.ca/index.html]
[bigfont.ca/content/images/2021/01/muddlingthru.ca/index.html]
[bigfont.ca/content/images/2021/01/socialarts.club/index.html]
[bigfontblog.azurewebsites.net/git-rebase-a-range-of-commits-starting-a-head-onto-a-new-base/index.html]
[bigfontblog.azurewebsites.net/git-list-the-files-you-have-worked-on-in-the-last-week/index.html]
[bigfontblog.azurewebsites.net/change-the-base-of-a-topic-branch/index.html]
[bigfontblog.azurewebsites.net/how-we-do-code-review-at-bigfont/index.html]
[bigfontblog.azurewebsites.net/update-a-forked-github-repository-from-its-source/index.html]
[bigfontblog.azurewebsites.net/list-git-branches-with-the-name-of-the-last-committer/index.html]
[bigfontblog.azurewebsites.net/git-clean-with-multiple-exclude-patterns/index.html]
[bigfontblog.azurewebsites.net/git-rebase-strategy-with-xours/index.html]
[bigfont.ca/content/images/2021/01/DSCF1209-small.html]
[bigfontblog.azurewebsites.net/combine-sort-and-tail-with-git-to-view-the-most-changed-files/index.html]
[bigfont.ca/content/images/2019/11/1024px-Bull_moose_growing_new_antlers_and_shedding_fur.html]
